******************************************************************************
             TMS320C2000 Linker PC v6.2.7                      
******************************************************************************
>> Linked Thu Mar 22 14:41:16 2018

OUTPUT FILE NAME:   <FLYCON-example.out>
ENTRY POINT SYMBOL: "_c_int00"  address: 00009b0d


MEMORY CONFIGURATION

         name            origin    length      used     unused   attr    fill
----------------------  --------  ---------  --------  --------  ----  --------
PAGE 0:
  BEGIN                 00000000   00000002  00000002  00000000  RWIX
  RAMM0                 00000050   000003b0  00000000  000003b0  RWIX
  RAML0                 00008000   00000800  000000bf  00000741  RWIX
  RAML1                 00008800   00001800  00001438  000003c8  RWIX
  RAML2                 0000a000   00001000  00000000  00001000  RWIX
  RAML3                 0000b000   00001000  00000000  00001000  RWIX
  ZONE7A                00200000   0000fc00  00000000  0000fc00  RWIX
  CSM_RSVD              0033ff80   00000076  00000000  00000076  RWIX
  CSM_PWL               0033fff8   00000008  00000000  00000008  RWIX
  ADC_CAL               00380080   00000009  00000007  00000002  RWIX
  IQTABLES              003fe000   00000b50  00000000  00000b50  RWIX
  IQTABLES2             003feb50   0000008c  00000000  0000008c  RWIX
  FPUTABLES             003febdc   000006a0  00000000  000006a0  RWIX
  BOOTROM               003ff27c   00000d44  00000000  00000d44  RWIX
  RESET                 003fffc0   00000002  00000000  00000002  RWIX

PAGE 1:
  BOOT_RSVD             00000002   0000004e  00000000  0000004e  RWIX
  RAMM1                 00000400   00000400  00000300  00000100  RWIX
  DEV_EMU               00000880   00000180  000000d0  000000b0  RWIX
  FLASH_REGS            00000a80   00000060  00000008  00000058  RWIX
  CSM                   00000ae0   00000010  00000010  00000000  RWIX
  ADC_MIRROR            00000b00   00000010  00000010  00000000  RWIX
  XINTF                 00000b20   00000020  0000001e  00000002  RWIX
  CPU_TIMER0            00000c00   00000008  00000008  00000000  RWIX
  CPU_TIMER1            00000c08   00000008  00000008  00000000  RWIX
  CPU_TIMER2            00000c10   00000008  00000008  00000000  RWIX
  PIE_CTRL              00000ce0   00000020  0000001a  00000006  RWIX
  PIE_VECT              00000d00   00000100  00000100  00000000  RWIX
  DMA                   00001000   00000200  000000e0  00000120  RWIX
  MCBSPA                00005000   00000040  00000025  0000001b  RWIX
  MCBSPB                00005040   00000040  00000025  0000001b  RWIX
  ECANA                 00006000   00000040  00000034  0000000c  RWIX
  ECANA_LAM             00006040   00000040  00000040  00000000  RWIX
  ECANA_MOTS            00006080   00000040  00000040  00000000  RWIX
  ECANA_MOTO            000060c0   00000040  00000040  00000000  RWIX
  ECANA_MBOX            00006100   00000100  00000100  00000000  RWIX
  ECANB                 00006200   00000040  00000034  0000000c  RWIX
  ECANB_LAM             00006240   00000040  00000040  00000000  RWIX
  ECANB_MOTS            00006280   00000040  00000040  00000000  RWIX
  ECANB_MOTO            000062c0   00000040  00000040  00000000  RWIX
  ECANB_MBOX            00006300   00000100  00000100  00000000  RWIX
  EPWM1                 00006800   00000022  00000022  00000000  RWIX
  EPWM2                 00006840   00000022  00000022  00000000  RWIX
  EPWM3                 00006880   00000022  00000022  00000000  RWIX
  EPWM4                 000068c0   00000022  00000022  00000000  RWIX
  EPWM5                 00006900   00000022  00000022  00000000  RWIX
  EPWM6                 00006940   00000022  00000022  00000000  RWIX
  ECAP1                 00006a00   00000020  00000020  00000000  RWIX
  ECAP2                 00006a20   00000020  00000020  00000000  RWIX
  ECAP3                 00006a40   00000020  00000020  00000000  RWIX
  ECAP4                 00006a60   00000020  00000020  00000000  RWIX
  ECAP5                 00006a80   00000020  00000020  00000000  RWIX
  ECAP6                 00006aa0   00000020  00000020  00000000  RWIX
  EQEP1                 00006b00   00000040  00000040  00000000  RWIX
  EQEP2                 00006b40   00000040  00000040  00000000  RWIX
  GPIOCTRL              00006f80   00000040  0000002e  00000012  RWIX
  GPIODAT               00006fc0   00000020  00000020  00000000  RWIX
  GPIOINT               00006fe0   00000020  0000000a  00000016  RWIX
  SYSTEM                00007010   00000020  00000020  00000000  RWIX
  SPIA                  00007040   00000010  00000010  00000000  RWIX
  SCIA                  00007050   00000010  00000010  00000000  RWIX
  XINTRUPT              00007070   00000010  00000010  00000000  RWIX
  ADC                   00007100   00000020  0000001e  00000002  RWIX
  SCIB                  00007750   00000010  00000010  00000000  RWIX
  SCIC                  00007770   00000010  00000010  00000000  RWIX
  I2CA                  00007900   00000040  00000022  0000001e  RWIX
  RAML4                 0000c000   00001000  000000a0  00000f60  RWIX
  RAML5                 0000d000   00001000  00000130  00000ed0  RWIX
  RAML6                 0000e000   00001000  00000000  00001000  RWIX
  RAML7                 0000f000   00001000  00000000  00001000  RWIX
  ZONE7B                0020fc00   00000400  00000000  00000400  RWIX
  CSM_PWL               0033fff8   00000008  00000008  00000000  RWIX


SECTION ALLOCATION MAP

 output                                  attributes/
section   page    origin      length       input sections
--------  ----  ----------  ----------   ----------------
codestart 
*          0    00000000    00000002     
                  00000000    00000002     DSP2833x_CodeStartBranch.obj (codestart)

.pinit     0    00008000    00000000     UNINITIALIZED

.cinit     0    00008000    0000007b     
                  00008000    00000056     SBUS.obj (.cinit)
                  00008056    0000000f     DSP2833x_ECan.obj (.cinit)
                  00008065    0000000a     rts2800_fpu32.lib : _lock.obj (.cinit)
                  0000806f    0000000a                       : exit.obj (.cinit)
                  00008079    00000002     --HOLE-- [fill = 0]

.switch    0    0000807c    00000040     
                  0000807c    00000040     DSP2833x_Adc.obj (.switch:_Ad_Get)

ramfuncs   0    000080bc    00000004     
                  000080bc    00000004     DSP2833x_usDelay.obj (ramfuncs)

.text      0    00008800    00001438     
                  00008800    000003b3     GPS.obj (.text)
                  00008bb3    00000323     DSP2833x_DefaultIsr.obj (.text:retain)
                  00008ed6    00000267     DSP2833x_ECan.obj (.text)
                  0000913d    00000203     DSP2833x_Mcbsp.obj (.text)
                  00009340    000001b1     DSP2833x_EPwm.obj (.text)
                  000094f1    0000017b     DSP2833x_Adc.obj (.text)
                  0000966c    000000f7     DSP2833x_SysCtrl.obj (.text)
                  00009763    000000f4     SBUS.obj (.text)
                  00009857    00000088     DSP2833x_ECap.obj (.text)
                  000098df    00000088     rts2800_fpu32.lib : fs_div.obj (.text)
                  00009967    00000087     DSP2833x_Sci.obj (.text)
                  000099ee    0000007e     DSP2833x_Spi.obj (.text)
                  00009a6c    00000053     main.obj (.text)
                  00009abf    0000004e     DSP2833x_ECap.obj (.text:retain)
                  00009b0d    00000046     rts2800_fpu32.lib : boot.obj (.text)
                  00009b53    0000002a     DSP2833x_Gpio.obj (.text)
                  00009b7d    00000028     DSP2833x_PieCtrl.obj (.text)
                  00009ba5    00000020     DSP2833x_PieVect.obj (.text)
                  00009bc5    0000001e     rts2800_fpu32.lib : strncpy.obj (.text)
                  00009be3    00000019                       : args_main.obj (.text)
                  00009bfc    00000019                       : exit.obj (.text)
                  00009c15    00000009                       : _lock.obj (.text)
                  00009c1e    00000008     DSP2833x_CodeStartBranch.obj (.text)
                  00009c26    00000008     rts2800_fpu32.lib : strlen.obj (.text)
                  00009c2e    00000007     DSP2833x_DisInt.obj (.text)
                  00009c35    00000003     DSP2833x_DBGIER.obj (.text)

csm_rsvd   0    0033ff80    00000076     DSECT
                  0033ff80    00000076     DSP2833x_CSMPasswords.obj (csm_rsvd)

csmpasswds 
*          0    0033fff8    00000008     DSECT
                  0033fff8    00000008     DSP2833x_CSMPasswords.obj (csmpasswds)

.adc_cal   0    00380080    00000007     NOLOAD SECTION
                  00380080    00000007     DSP2833x_ADC_cal.obj (.adc_cal)

.reset     0    003fffc0    00000002     DSECT
                  003fffc0    00000002     rts2800_fpu32.lib : boot.obj (.reset)

.stack     1    00000400    00000300     UNINITIALIZED
                  00000400    00000300     --HOLE--

DevEmuRegsFile 
*          1    00000880    000000d0     UNINITIALIZED
                  00000880    000000d0     DSP2833x_GlobalVariableDefs.obj (DevEmuRegsFile)

FlashRegsFile 
*          1    00000a80    00000008     UNINITIALIZED
                  00000a80    00000008     DSP2833x_GlobalVariableDefs.obj (FlashRegsFile)

CsmRegsFile 
*          1    00000ae0    00000010     UNINITIALIZED
                  00000ae0    00000010     DSP2833x_GlobalVariableDefs.obj (CsmRegsFile)

AdcMirrorFile 
*          1    00000b00    00000010     UNINITIALIZED
                  00000b00    00000010     DSP2833x_GlobalVariableDefs.obj (AdcMirrorFile)

XintfRegsFile 
*          1    00000b20    0000001e     UNINITIALIZED
                  00000b20    0000001e     DSP2833x_GlobalVariableDefs.obj (XintfRegsFile)

CpuTimer0RegsFile 
*          1    00000c00    00000008     UNINITIALIZED
                  00000c00    00000008     DSP2833x_GlobalVariableDefs.obj (CpuTimer0RegsFile)

CpuTimer1RegsFile 
*          1    00000c08    00000008     UNINITIALIZED
                  00000c08    00000008     DSP2833x_GlobalVariableDefs.obj (CpuTimer1RegsFile)

CpuTimer2RegsFile 
*          1    00000c10    00000008     UNINITIALIZED
                  00000c10    00000008     DSP2833x_GlobalVariableDefs.obj (CpuTimer2RegsFile)

PieCtrlRegsFile 
*          1    00000ce0    0000001a     UNINITIALIZED
                  00000ce0    0000001a     DSP2833x_GlobalVariableDefs.obj (PieCtrlRegsFile)

PieVectTableFile 
*          1    00000d00    00000100     UNINITIALIZED
                  00000d00    00000100     DSP2833x_GlobalVariableDefs.obj (PieVectTableFile)

DmaRegsFile 
*          1    00001000    000000e0     UNINITIALIZED
                  00001000    000000e0     DSP2833x_GlobalVariableDefs.obj (DmaRegsFile)

McbspaRegsFile 
*          1    00005000    00000025     UNINITIALIZED
                  00005000    00000025     DSP2833x_GlobalVariableDefs.obj (McbspaRegsFile)

McbspbRegsFile 
*          1    00005040    00000025     UNINITIALIZED
                  00005040    00000025     DSP2833x_GlobalVariableDefs.obj (McbspbRegsFile)

ECanaRegsFile 
*          1    00006000    00000034     UNINITIALIZED
                  00006000    00000034     DSP2833x_GlobalVariableDefs.obj (ECanaRegsFile)

ECanaLAMRegsFile 
*          1    00006040    00000040     UNINITIALIZED
                  00006040    00000040     DSP2833x_GlobalVariableDefs.obj (ECanaLAMRegsFile)

ECanaMOTSRegsFile 
*          1    00006080    00000040     UNINITIALIZED
                  00006080    00000040     DSP2833x_GlobalVariableDefs.obj (ECanaMOTSRegsFile)

ECanaMOTORegsFile 
*          1    000060c0    00000040     UNINITIALIZED
                  000060c0    00000040     DSP2833x_GlobalVariableDefs.obj (ECanaMOTORegsFile)

ECanaMboxesFile 
*          1    00006100    00000100     UNINITIALIZED
                  00006100    00000100     DSP2833x_GlobalVariableDefs.obj (ECanaMboxesFile)

ECanbRegsFile 
*          1    00006200    00000034     UNINITIALIZED
                  00006200    00000034     DSP2833x_GlobalVariableDefs.obj (ECanbRegsFile)

ECanbLAMRegsFile 
*          1    00006240    00000040     UNINITIALIZED
                  00006240    00000040     DSP2833x_GlobalVariableDefs.obj (ECanbLAMRegsFile)

ECanbMOTSRegsFile 
*          1    00006280    00000040     UNINITIALIZED
                  00006280    00000040     DSP2833x_GlobalVariableDefs.obj (ECanbMOTSRegsFile)

ECanbMOTORegsFile 
*          1    000062c0    00000040     UNINITIALIZED
                  000062c0    00000040     DSP2833x_GlobalVariableDefs.obj (ECanbMOTORegsFile)

ECanbMboxesFile 
*          1    00006300    00000100     UNINITIALIZED
                  00006300    00000100     DSP2833x_GlobalVariableDefs.obj (ECanbMboxesFile)

EPwm1RegsFile 
*          1    00006800    00000022     UNINITIALIZED
                  00006800    00000022     DSP2833x_GlobalVariableDefs.obj (EPwm1RegsFile)

EPwm2RegsFile 
*          1    00006840    00000022     UNINITIALIZED
                  00006840    00000022     DSP2833x_GlobalVariableDefs.obj (EPwm2RegsFile)

EPwm3RegsFile 
*          1    00006880    00000022     UNINITIALIZED
                  00006880    00000022     DSP2833x_GlobalVariableDefs.obj (EPwm3RegsFile)

EPwm4RegsFile 
*          1    000068c0    00000022     UNINITIALIZED
                  000068c0    00000022     DSP2833x_GlobalVariableDefs.obj (EPwm4RegsFile)

EPwm5RegsFile 
*          1    00006900    00000022     UNINITIALIZED
                  00006900    00000022     DSP2833x_GlobalVariableDefs.obj (EPwm5RegsFile)

EPwm6RegsFile 
*          1    00006940    00000022     UNINITIALIZED
                  00006940    00000022     DSP2833x_GlobalVariableDefs.obj (EPwm6RegsFile)

ECap1RegsFile 
*          1    00006a00    00000020     UNINITIALIZED
                  00006a00    00000020     DSP2833x_GlobalVariableDefs.obj (ECap1RegsFile)

ECap2RegsFile 
*          1    00006a20    00000020     UNINITIALIZED
                  00006a20    00000020     DSP2833x_GlobalVariableDefs.obj (ECap2RegsFile)

ECap3RegsFile 
*          1    00006a40    00000020     UNINITIALIZED
                  00006a40    00000020     DSP2833x_GlobalVariableDefs.obj (ECap3RegsFile)

ECap4RegsFile 
*          1    00006a60    00000020     UNINITIALIZED
                  00006a60    00000020     DSP2833x_GlobalVariableDefs.obj (ECap4RegsFile)

ECap5RegsFile 
*          1    00006a80    00000020     UNINITIALIZED
                  00006a80    00000020     DSP2833x_GlobalVariableDefs.obj (ECap5RegsFile)

ECap6RegsFile 
*          1    00006aa0    00000020     UNINITIALIZED
                  00006aa0    00000020     DSP2833x_GlobalVariableDefs.obj (ECap6RegsFile)

EQep1RegsFile 
*          1    00006b00    00000040     UNINITIALIZED
                  00006b00    00000040     DSP2833x_GlobalVariableDefs.obj (EQep1RegsFile)

EQep2RegsFile 
*          1    00006b40    00000040     UNINITIALIZED
                  00006b40    00000040     DSP2833x_GlobalVariableDefs.obj (EQep2RegsFile)

GpioCtrlRegsFile 
*          1    00006f80    0000002e     UNINITIALIZED
                  00006f80    0000002e     DSP2833x_GlobalVariableDefs.obj (GpioCtrlRegsFile)

GpioDataRegsFile 
*          1    00006fc0    00000020     UNINITIALIZED
                  00006fc0    00000020     DSP2833x_GlobalVariableDefs.obj (GpioDataRegsFile)

GpioIntRegsFile 
*          1    00006fe0    0000000a     UNINITIALIZED
                  00006fe0    0000000a     DSP2833x_GlobalVariableDefs.obj (GpioIntRegsFile)

SysCtrlRegsFile 
*          1    00007010    00000020     UNINITIALIZED
                  00007010    00000020     DSP2833x_GlobalVariableDefs.obj (SysCtrlRegsFile)

SpiaRegsFile 
*          1    00007040    00000010     UNINITIALIZED
                  00007040    00000010     DSP2833x_GlobalVariableDefs.obj (SpiaRegsFile)

SciaRegsFile 
*          1    00007050    00000010     UNINITIALIZED
                  00007050    00000010     DSP2833x_GlobalVariableDefs.obj (SciaRegsFile)

XIntruptRegsFile 
*          1    00007070    00000010     UNINITIALIZED
                  00007070    00000010     DSP2833x_GlobalVariableDefs.obj (XIntruptRegsFile)

AdcRegsFile 
*          1    00007100    0000001e     UNINITIALIZED
                  00007100    0000001e     DSP2833x_GlobalVariableDefs.obj (AdcRegsFile)

ScibRegsFile 
*          1    00007750    00000010     UNINITIALIZED
                  00007750    00000010     DSP2833x_GlobalVariableDefs.obj (ScibRegsFile)

ScicRegsFile 
*          1    00007770    00000010     UNINITIALIZED
                  00007770    00000010     DSP2833x_GlobalVariableDefs.obj (ScicRegsFile)

I2caRegsFile 
*          1    00007900    00000022     UNINITIALIZED
                  00007900    00000022     DSP2833x_GlobalVariableDefs.obj (I2caRegsFile)

.ebss      1    0000c000    000000a0     UNINITIALIZED
                  0000c000    00000072     SBUS.obj (.ebss)
                  0000c072    0000000c     DSP2833x_ECan.obj (.ebss)
                  0000c07e    00000001     DS18B20_1.obj (.ebss)
                  0000c07f    00000001     --HOLE--
                  0000c080    00000018     DSP2833x_CpuTimers.obj (.ebss)
                  0000c098    00000004     rts2800_fpu32.lib : _lock.obj (.ebss)
                  0000c09c    00000004                       : exit.obj (.ebss)

.econst    1    0000d000    00000130     
                  0000d000    00000100     DSP2833x_PieVect.obj (.econst)
                  0000d100    00000018     GPS.obj (.econst:.string:_$P$T1$2)
                  0000d118    00000010     GPS.obj (.econst:.string:_$P$T2$3)
                  0000d128    00000008     GPS.obj (.econst:_$P$T0$1)

CsmPwlFile 
*          1    0033fff8    00000008     UNINITIALIZED
                  0033fff8    00000008     DSP2833x_GlobalVariableDefs.obj (CsmPwlFile)


GLOBAL DATA SYMBOLS: SORTED BY DATA PAGE

address     data page           name
--------    ----------------    ----
00000400      10 (00000400)     __stack

00000880      22 (00000880)     _DevEmuRegs

00000a80      2a (00000a80)     _FlashRegs

00000ae0      2b (00000ac0)     _CsmRegs

00000b00      2c (00000b00)     _AdcMirror
00000b20      2c (00000b00)     _XintfRegs

00000c00      30 (00000c00)     _CpuTimer0Regs
00000c08      30 (00000c00)     _CpuTimer1Regs
00000c10      30 (00000c00)     _CpuTimer2Regs

00000ce0      33 (00000cc0)     _PieCtrlRegs

00000d00      34 (00000d00)     _PieVectTable

00001000      40 (00001000)     _DmaRegs

00005000     140 (00005000)     _McbspaRegs

00005040     141 (00005040)     _McbspbRegs

00006000     180 (00006000)     _ECanaRegs

00006040     181 (00006040)     _ECanaLAMRegs

00006080     182 (00006080)     _ECanaMOTSRegs

000060c0     183 (000060c0)     _ECanaMOTORegs

00006100     184 (00006100)     _ECanaMboxes

00006200     188 (00006200)     _ECanbRegs

00006240     189 (00006240)     _ECanbLAMRegs

00006280     18a (00006280)     _ECanbMOTSRegs

000062c0     18b (000062c0)     _ECanbMOTORegs

00006300     18c (00006300)     _ECanbMboxes

00006800     1a0 (00006800)     _EPwm1Regs

00006840     1a1 (00006840)     _EPwm2Regs

00006880     1a2 (00006880)     _EPwm3Regs

000068c0     1a3 (000068c0)     _EPwm4Regs

00006900     1a4 (00006900)     _EPwm5Regs

00006940     1a5 (00006940)     _EPwm6Regs

00006a00     1a8 (00006a00)     _ECap1Regs
00006a20     1a8 (00006a00)     _ECap2Regs

00006a40     1a9 (00006a40)     _ECap3Regs
00006a60     1a9 (00006a40)     _ECap4Regs

00006a80     1aa (00006a80)     _ECap5Regs
00006aa0     1aa (00006a80)     _ECap6Regs

00006b00     1ac (00006b00)     _EQep1Regs

00006b40     1ad (00006b40)     _EQep2Regs

00006f80     1be (00006f80)     _GpioCtrlRegs

00006fc0     1bf (00006fc0)     _GpioDataRegs
00006fe0     1bf (00006fc0)     _GpioIntRegs

00007010     1c0 (00007000)     _SysCtrlRegs

00007040     1c1 (00007040)     _SpiaRegs
00007050     1c1 (00007040)     _SciaRegs
00007070     1c1 (00007040)     _XIntruptRegs

00007100     1c4 (00007100)     _AdcRegs

00007750     1dd (00007740)     _ScibRegs
00007770     1dd (00007740)     _ScicRegs

00007900     1e4 (00007900)     _I2caRegs

0000c000     300 (0000c000)     _byte_in_sbus
0000c001     300 (0000c000)     _bit_in_sbus
0000c002     300 (0000c000)     _failsafe_status
0000c003     300 (0000c000)     _bit_in_servo
0000c004     300 (0000c000)     _bit_in_channel
0000c005     300 (0000c000)     _sbus_passthrough
0000c006     300 (0000c000)     _ch
0000c007     300 (0000c000)     _toChannels
0000c008     300 (0000c000)     _inData
0000c009     300 (0000c000)     _bufferIndex
0000c00a     300 (0000c000)     _result
0000c01a     300 (0000c000)     _servos
0000c02c     300 (0000c000)     _channels

0000c040     301 (0000c040)     _inBuffer
0000c059     301 (0000c040)     _sbus_data
0000c072     301 (0000c040)     _PassCount
0000c074     301 (0000c040)     _MessageReceivedCount
0000c076     301 (0000c040)     _ErrorCount
0000c078     301 (0000c040)     _TestMbox2
0000c07a     301 (0000c040)     _TestMbox3
0000c07c     301 (0000c040)     _TestMbox1
0000c07e     301 (0000c040)     _e

0000c080     302 (0000c080)     _CpuTimer1
0000c088     302 (0000c080)     _CpuTimer2
0000c090     302 (0000c080)     _CpuTimer0
0000c098     302 (0000c080)     __unlock
0000c09a     302 (0000c080)     __lock
0000c09c     302 (0000c080)     ___TI_cleanup_ptr
0000c09e     302 (0000c080)     ___TI_dtors_ptr

0000d000     340 (0000d000)     _PieVectTableInit

0033fff8    cfff (0033ffc0)     _CsmPwl


GLOBAL SYMBOLS: SORTED ALPHABETICALLY BY Name 

address    name
--------   ----
00008800   .text
00009bfc   C$$EXIT
000098df   FS$$DIV
00008c99   _ADCINT_ISR
00380080   _ADC_cal
0000961e   _Ad_Contrun_Get
000095f0   _Ad_Contrun_Init
00009525   _Ad_Get
00009507   _Ad_Onechanneltime_Init
00000b00   _AdcMirror
00007100   _AdcRegs
00008a83   _CheckSUM
0000c090   _CpuTimer0
00000c00   _CpuTimer0Regs
0000c080   _CpuTimer1
00000c08   _CpuTimer1Regs
0000c088   _CpuTimer2
00000c10   _CpuTimer2Regs
0033fff8   _CsmPwl
00000ae0   _CsmRegs
00009732   _CsmUnlock
00008bc7   _DATALOG_ISR
00008dbb   _DINTCH1_ISR
00008dc5   _DINTCH2_ISR
00008dcf   _DINTCH3_ISR
00008dd9   _DINTCH4_ISR
00008de3   _DINTCH5_ISR
00008ded   _DINTCH6_ISR
00009c2e   _DSP28x_DisableInt
00009c32   _DSP28x_RestoreInt
000080bc   _DSP28x_usDelay
00000880   _DevEmuRegs
0000967f   _DisableDog
00001000   _DmaRegs
00008e47   _ECAN0INTA_ISR
00008e5b   _ECAN0INTB_ISR
00008e51   _ECAN1INTA_ISR
00008e65   _ECAN1INTB_ISR
00008d2f   _ECAP1_INT_ISR
00008d39   _ECAP2_INT_ISR
00008d43   _ECAP3_INT_ISR
00008d4d   _ECAP4_INT_ISR
00008d57   _ECAP5_INT_ISR
00008d61   _ECAP6_INT_ISR
00006040   _ECanaLAMRegs
000060c0   _ECanaMOTORegs
00006080   _ECanaMOTSRegs
00006100   _ECanaMboxes
00006000   _ECanaRegs
00006240   _ECanbLAMRegs
000062c0   _ECanbMOTORegs
00006280   _ECanbMOTSRegs
00006300   _ECanbMboxes
00006200   _ECanbRegs
00006a00   _ECap1Regs
00006a20   _ECap2Regs
00006a40   _ECap3Regs
00006a60   _ECap4Regs
00006a80   _ECap5Regs
00009abf   _ECap5_INT_ISR
00006aa0   _ECap6Regs
00009ae6   _ECap6_INT_ISR
00008eb5   _EMPTY_ISR
00008bdb   _EMUINT_ISR
00008cf3   _EPWM1_INT_ISR
00008cb7   _EPWM1_TZINT_ISR
00008cfd   _EPWM2_INT_ISR
00008cc1   _EPWM2_TZINT_ISR
00008d07   _EPWM3_INT_ISR
00008ccb   _EPWM3_TZINT_ISR
00008d11   _EPWM4_INT_ISR
00008cd5   _EPWM4_TZINT_ISR
00008d1b   _EPWM5_INT_ISR
00008cdf   _EPWM5_TZINT_ISR
00008d25   _EPWM6_INT_ISR
00008ce9   _EPWM6_TZINT_ISR
00006800   _EPwm1Regs
000093cb   _EPwm1Setup
00006840   _EPwm2Regs
000093fc   _EPwm2Setup
00006880   _EPwm3Regs
0000942d   _EPwm3Setup
000068c0   _EPwm4Regs
0000945e   _EPwm4Setup
00006900   _EPwm5Regs
0000948f   _EPwm5Setup
00006940   _EPwm6Regs
000094c0   _EPwm6Setup
000093be   _EPwmSetup
00008d6b   _EQEP1_INT_ISR
00008d75   _EQEP2_INT_ISR
00006b00   _EQep1Regs
00006b40   _EQep2Regs
00009b9c   _EnableInterrupts
0000c076   _ErrorCount
00000a80   _FlashRegs
00009a3c   _GPSSPIExchangeData
00008800   _GetComma
00008aa1   _GetGPRMC
000089df   _Get_Double_Number
000089c5   _Get_Float_Number
000089ac   _Get_Int_Number
00006f80   _GpioCtrlRegs
00006fc0   _GpioDataRegs
00006fe0   _GpioIntRegs
00008df7   _I2CINT1A_ISR
00008e01   _I2CINT2A_ISR
00007900   _I2caRegs
00008bef   _ILLEGAL_ISR
00008bb3   _INT13_ISR
00008bbd   _INT14_ISR
000094f1   _InitAdc
00008f0d   _InitCan
00009879   _InitECAP
00008ed6   _InitECanGpio
00008ed9   _InitECanaGpio
00008eef   _InitECanbGpio
00009857   _InitECap
0000985d   _InitECap5Gpio
0000986b   _InitECap6Gpio
00009858   _InitECapGpio
00009340   _InitEPwm
0000934e   _InitEPwm1Gpio
00009360   _InitEPwm2Gpio
00009372   _InitEPwm3Gpio
00009386   _InitEPwm4Gpio
0000939a   _InitEPwm5Gpio
000093ac   _InitEPwm6Gpio
00009341   _InitEPwmGpio
00009b53   _InitGpio
0000913d   _InitMcbsp
00009212   _InitMcbspGpio
00009142   _InitMcbspa
0000919d   _InitMcbspa12bit
000091a8   _InitMcbspa16bit
000091b3   _InitMcbspa20bit
000091be   _InitMcbspa24bit
000091c9   _InitMcbspa32bit
00009196   _InitMcbspa8bit
00009217   _InitMcbspaGpio
0000916c   _InitMcbspb
000091db   _InitMcbspb12bit
000091e6   _InitMcbspb16bit
000091f1   _InitMcbspb20bit
000091fc   _InitMcbspb24bit
00009207   _InitMcbspb32bit
000091d4   _InitMcbspb8bit
0000923e   _InitMcbspbGpio
000096d7   _InitPeripheralClocks
00009b7d   _InitPieCtrl
00009ba5   _InitPieVectTable
00009687   _InitPll
00009967   _InitSci
00009968   _InitSciGpio
0000996f   _InitSciaGpio
00009763   _InitScibGpio
00009984   _InitScicGpio
000099ee   _InitSpi
000099ef   _InitSpiGpio
000099f2   _InitSpiaGpio
0000966c   _InitSysCtrl
00008eab   _LUF_ISR
00008ea1   _LVF_ISR
00008da7   _MRINTA_ISR
00008d93   _MRINTB_ISR
00008db1   _MXINTA_ISR
00008d9d   _MXINTB_ISR
00005000   _McbspaRegs
00009321   _Mcbspa_SPI_RX
00009316   _Mcbspa_SPI_TX
00005040   _McbspbRegs
00009336   _Mcbspb_SPI_RX
0000932b   _Mcbspb_SPI_TX
0000c074   _MessageReceivedCount
00008be5   _NMI_ISR
00008ec2   _PIE_RESERVED
00008aed   _ParseGPRMC
0000c072   _PassCount
00000ce0   _PieCtrlRegs
00000d00   _PieVectTable
0000d000   _PieVectTableInit
00008bd1   _RTOSINT_ISR
00008e1f   _SCIRXINTA_ISR
00008e33   _SCIRXINTB_ISR
00008e0b   _SCIRXINTC_ISR
00008e29   _SCITXINTA_ISR
00008e3d   _SCITXINTB_ISR
00008e15   _SCITXINTC_ISR
00008c71   _SEQ1INT_ISR
00008c7b   _SEQ2INT_ISR
00008d7f   _SPIRXINTA_ISR
00008d89   _SPITXINTA_ISR
00009a5b   _SPI_RX
00009a4b   _SPI_TX
00007050   _SciaRegs
00007750   _ScibRegs
00007770   _ScicRegs
00009675   _ServiceDog
0000988f   _SetCap5
000098b7   _SetCap6
00009c35   _SetDBGIER
00008a6a   _SetSPIPORT
00007040   _SpiaRegs
0000890b   _Str_To_Double
0000886a   _Str_To_Float
0000881e   _Str_To_Int
00007010   _SysCtrlRegs
00008ca3   _TINT0_ISR
0000c07c   _TestMbox1
0000c078   _TestMbox2
0000c07a   _TestMbox3
00008c53   _USER10_ISR
00008c5d   _USER11_ISR
00008c67   _USER12_ISR
00008bf9   _USER1_ISR
00008c03   _USER2_ISR
00008c0d   _USER3_ISR
00008c17   _USER4_ISR
00008c21   _USER5_ISR
00008c2b   _USER6_ISR
00008c35   _USER7_ISR
00008c3f   _USER8_ISR
00008c49   _USER9_ISR
000089f9   _UTC2LTC
00008cad   _WAKEINT_ISR
00008c85   _XINT1_ISR
00008c8f   _XINT2_ISR
00008e6f   _XINT3_ISR
00008e79   _XINT4_ISR
00008e83   _XINT5_ISR
00008e8d   _XINT6_ISR
00008e97   _XINT7_ISR
00007070   _XIntruptRegs
00000b20   _XintfRegs
00000700   __STACK_END
00000300   __STACK_SIZE
00000001   __TI_args_main
0000c09c   ___TI_cleanup_ptr
0000c09e   ___TI_dtors_ptr
ffffffff   ___binit__
ffffffff   ___c_args__
00008000   ___cinit__
00009c38   ___etext__
ffffffff   ___pinit__
00008800   ___text__
00009be3   __args_main
0000c09a   __lock
00009c1d   __nop
00009c19   __register_lock
00009c15   __register_unlock
00000400   __stack
0000c098   __unlock
00009bfc   _abort
0000c004   _bit_in_channel
0000c001   _bit_in_sbus
0000c003   _bit_in_servo
0000c009   _bufferIndex
0000c000   _byte_in_sbus
00009b0d   _c_int00
0000c006   _ch
0000c02c   _channels
00009279   _clkg_delay_loop
00009263   _delay_loop
0000c07e   _e
00009bfe   _exit
0000c002   _failsafe_status
00009832   _feedLine
0000c040   _inBuffer
0000c008   _inData
0000928f   _init_mcbsp_spi
00009294   _init_mcbspa_spi
000092d2   _init_mcbspb_spi
00009a21   _init_spi
000097a0   _loop
00009125   _mailbox_check
0000910e   _mailbox_read
00009a6c   _main
0000c00a   _result
00008ecc   _rsvd_ISR
0000c059   _sbus_data
0000c005   _sbus_passthrough
000099c6   _scia_fifo_init
0000999a   _scia_init
000099be   _scia_rx
000099a8   _scia_xmit
000099b1   _scia_xmit16
00009787   _scib_fifo_init
00009779   _scib_init
00009798   _scib_rx
0000978f   _scib_xmit
000099ce   _scic_init
000099e6   _scic_rx
000099dd   _scic_xmit
0000c01a   _servos
00009c26   _strlen
00009bc5   _strncpy
0000c007   _toChannels
000097ad   _update_channels
ffffffff   binit
00008000   cinit
00000000   code_start
00009c38   etext
ffffffff   pinit


GLOBAL SYMBOLS: SORTED BY Symbol Address 

address    name
--------   ----
00000000   code_start
00000001   __TI_args_main
00000300   __STACK_SIZE
00000400   __stack
00000700   __STACK_END
00000880   _DevEmuRegs
00000a80   _FlashRegs
00000ae0   _CsmRegs
00000b00   _AdcMirror
00000b20   _XintfRegs
00000c00   _CpuTimer0Regs
00000c08   _CpuTimer1Regs
00000c10   _CpuTimer2Regs
00000ce0   _PieCtrlRegs
00000d00   _PieVectTable
00001000   _DmaRegs
00005000   _McbspaRegs
00005040   _McbspbRegs
00006000   _ECanaRegs
00006040   _ECanaLAMRegs
00006080   _ECanaMOTSRegs
000060c0   _ECanaMOTORegs
00006100   _ECanaMboxes
00006200   _ECanbRegs
00006240   _ECanbLAMRegs
00006280   _ECanbMOTSRegs
000062c0   _ECanbMOTORegs
00006300   _ECanbMboxes
00006800   _EPwm1Regs
00006840   _EPwm2Regs
00006880   _EPwm3Regs
000068c0   _EPwm4Regs
00006900   _EPwm5Regs
00006940   _EPwm6Regs
00006a00   _ECap1Regs
00006a20   _ECap2Regs
00006a40   _ECap3Regs
00006a60   _ECap4Regs
00006a80   _ECap5Regs
00006aa0   _ECap6Regs
00006b00   _EQep1Regs
00006b40   _EQep2Regs
00006f80   _GpioCtrlRegs
00006fc0   _GpioDataRegs
00006fe0   _GpioIntRegs
00007010   _SysCtrlRegs
00007040   _SpiaRegs
00007050   _SciaRegs
00007070   _XIntruptRegs
00007100   _AdcRegs
00007750   _ScibRegs
00007770   _ScicRegs
00007900   _I2caRegs
00008000   ___cinit__
00008000   cinit
000080bc   _DSP28x_usDelay
00008800   .text
00008800   _GetComma
00008800   ___text__
0000881e   _Str_To_Int
0000886a   _Str_To_Float
0000890b   _Str_To_Double
000089ac   _Get_Int_Number
000089c5   _Get_Float_Number
000089df   _Get_Double_Number
000089f9   _UTC2LTC
00008a6a   _SetSPIPORT
00008a83   _CheckSUM
00008aa1   _GetGPRMC
00008aed   _ParseGPRMC
00008bb3   _INT13_ISR
00008bbd   _INT14_ISR
00008bc7   _DATALOG_ISR
00008bd1   _RTOSINT_ISR
00008bdb   _EMUINT_ISR
00008be5   _NMI_ISR
00008bef   _ILLEGAL_ISR
00008bf9   _USER1_ISR
00008c03   _USER2_ISR
00008c0d   _USER3_ISR
00008c17   _USER4_ISR
00008c21   _USER5_ISR
00008c2b   _USER6_ISR
00008c35   _USER7_ISR
00008c3f   _USER8_ISR
00008c49   _USER9_ISR
00008c53   _USER10_ISR
00008c5d   _USER11_ISR
00008c67   _USER12_ISR
00008c71   _SEQ1INT_ISR
00008c7b   _SEQ2INT_ISR
00008c85   _XINT1_ISR
00008c8f   _XINT2_ISR
00008c99   _ADCINT_ISR
00008ca3   _TINT0_ISR
00008cad   _WAKEINT_ISR
00008cb7   _EPWM1_TZINT_ISR
00008cc1   _EPWM2_TZINT_ISR
00008ccb   _EPWM3_TZINT_ISR
00008cd5   _EPWM4_TZINT_ISR
00008cdf   _EPWM5_TZINT_ISR
00008ce9   _EPWM6_TZINT_ISR
00008cf3   _EPWM1_INT_ISR
00008cfd   _EPWM2_INT_ISR
00008d07   _EPWM3_INT_ISR
00008d11   _EPWM4_INT_ISR
00008d1b   _EPWM5_INT_ISR
00008d25   _EPWM6_INT_ISR
00008d2f   _ECAP1_INT_ISR
00008d39   _ECAP2_INT_ISR
00008d43   _ECAP3_INT_ISR
00008d4d   _ECAP4_INT_ISR
00008d57   _ECAP5_INT_ISR
00008d61   _ECAP6_INT_ISR
00008d6b   _EQEP1_INT_ISR
00008d75   _EQEP2_INT_ISR
00008d7f   _SPIRXINTA_ISR
00008d89   _SPITXINTA_ISR
00008d93   _MRINTB_ISR
00008d9d   _MXINTB_ISR
00008da7   _MRINTA_ISR
00008db1   _MXINTA_ISR
00008dbb   _DINTCH1_ISR
00008dc5   _DINTCH2_ISR
00008dcf   _DINTCH3_ISR
00008dd9   _DINTCH4_ISR
00008de3   _DINTCH5_ISR
00008ded   _DINTCH6_ISR
00008df7   _I2CINT1A_ISR
00008e01   _I2CINT2A_ISR
00008e0b   _SCIRXINTC_ISR
00008e15   _SCITXINTC_ISR
00008e1f   _SCIRXINTA_ISR
00008e29   _SCITXINTA_ISR
00008e33   _SCIRXINTB_ISR
00008e3d   _SCITXINTB_ISR
00008e47   _ECAN0INTA_ISR
00008e51   _ECAN1INTA_ISR
00008e5b   _ECAN0INTB_ISR
00008e65   _ECAN1INTB_ISR
00008e6f   _XINT3_ISR
00008e79   _XINT4_ISR
00008e83   _XINT5_ISR
00008e8d   _XINT6_ISR
00008e97   _XINT7_ISR
00008ea1   _LVF_ISR
00008eab   _LUF_ISR
00008eb5   _EMPTY_ISR
00008ec2   _PIE_RESERVED
00008ecc   _rsvd_ISR
00008ed6   _InitECanGpio
00008ed9   _InitECanaGpio
00008eef   _InitECanbGpio
00008f0d   _InitCan
0000910e   _mailbox_read
00009125   _mailbox_check
0000913d   _InitMcbsp
00009142   _InitMcbspa
0000916c   _InitMcbspb
00009196   _InitMcbspa8bit
0000919d   _InitMcbspa12bit
000091a8   _InitMcbspa16bit
000091b3   _InitMcbspa20bit
000091be   _InitMcbspa24bit
000091c9   _InitMcbspa32bit
000091d4   _InitMcbspb8bit
000091db   _InitMcbspb12bit
000091e6   _InitMcbspb16bit
000091f1   _InitMcbspb20bit
000091fc   _InitMcbspb24bit
00009207   _InitMcbspb32bit
00009212   _InitMcbspGpio
00009217   _InitMcbspaGpio
0000923e   _InitMcbspbGpio
00009263   _delay_loop
00009279   _clkg_delay_loop
0000928f   _init_mcbsp_spi
00009294   _init_mcbspa_spi
000092d2   _init_mcbspb_spi
00009316   _Mcbspa_SPI_TX
00009321   _Mcbspa_SPI_RX
0000932b   _Mcbspb_SPI_TX
00009336   _Mcbspb_SPI_RX
00009340   _InitEPwm
00009341   _InitEPwmGpio
0000934e   _InitEPwm1Gpio
00009360   _InitEPwm2Gpio
00009372   _InitEPwm3Gpio
00009386   _InitEPwm4Gpio
0000939a   _InitEPwm5Gpio
000093ac   _InitEPwm6Gpio
000093be   _EPwmSetup
000093cb   _EPwm1Setup
000093fc   _EPwm2Setup
0000942d   _EPwm3Setup
0000945e   _EPwm4Setup
0000948f   _EPwm5Setup
000094c0   _EPwm6Setup
000094f1   _InitAdc
00009507   _Ad_Onechanneltime_Init
00009525   _Ad_Get
000095f0   _Ad_Contrun_Init
0000961e   _Ad_Contrun_Get
0000966c   _InitSysCtrl
00009675   _ServiceDog
0000967f   _DisableDog
00009687   _InitPll
000096d7   _InitPeripheralClocks
00009732   _CsmUnlock
00009763   _InitScibGpio
00009779   _scib_init
00009787   _scib_fifo_init
0000978f   _scib_xmit
00009798   _scib_rx
000097a0   _loop
000097ad   _update_channels
00009832   _feedLine
00009857   _InitECap
00009858   _InitECapGpio
0000985d   _InitECap5Gpio
0000986b   _InitECap6Gpio
00009879   _InitECAP
0000988f   _SetCap5
000098b7   _SetCap6
000098df   FS$$DIV
00009967   _InitSci
00009968   _InitSciGpio
0000996f   _InitSciaGpio
00009984   _InitScicGpio
0000999a   _scia_init
000099a8   _scia_xmit
000099b1   _scia_xmit16
000099be   _scia_rx
000099c6   _scia_fifo_init
000099ce   _scic_init
000099dd   _scic_xmit
000099e6   _scic_rx
000099ee   _InitSpi
000099ef   _InitSpiGpio
000099f2   _InitSpiaGpio
00009a21   _init_spi
00009a3c   _GPSSPIExchangeData
00009a4b   _SPI_TX
00009a5b   _SPI_RX
00009a6c   _main
00009abf   _ECap5_INT_ISR
00009ae6   _ECap6_INT_ISR
00009b0d   _c_int00
00009b53   _InitGpio
00009b7d   _InitPieCtrl
00009b9c   _EnableInterrupts
00009ba5   _InitPieVectTable
00009bc5   _strncpy
00009be3   __args_main
00009bfc   C$$EXIT
00009bfc   _abort
00009bfe   _exit
00009c15   __register_unlock
00009c19   __register_lock
00009c1d   __nop
00009c26   _strlen
00009c2e   _DSP28x_DisableInt
00009c32   _DSP28x_RestoreInt
00009c35   _SetDBGIER
00009c38   ___etext__
00009c38   etext
0000c000   _byte_in_sbus
0000c001   _bit_in_sbus
0000c002   _failsafe_status
0000c003   _bit_in_servo
0000c004   _bit_in_channel
0000c005   _sbus_passthrough
0000c006   _ch
0000c007   _toChannels
0000c008   _inData
0000c009   _bufferIndex
0000c00a   _result
0000c01a   _servos
0000c02c   _channels
0000c040   _inBuffer
0000c059   _sbus_data
0000c072   _PassCount
0000c074   _MessageReceivedCount
0000c076   _ErrorCount
0000c078   _TestMbox2
0000c07a   _TestMbox3
0000c07c   _TestMbox1
0000c07e   _e
0000c080   _CpuTimer1
0000c088   _CpuTimer2
0000c090   _CpuTimer0
0000c098   __unlock
0000c09a   __lock
0000c09c   ___TI_cleanup_ptr
0000c09e   ___TI_dtors_ptr
0000d000   _PieVectTableInit
0033fff8   _CsmPwl
00380080   _ADC_cal
ffffffff   ___binit__
ffffffff   ___c_args__
ffffffff   ___pinit__
ffffffff   binit
ffffffff   pinit

[303 symbols]
