******************************************************************************
             TMS320C2000 Linker PC v6.2.7                      
******************************************************************************
>> Linked Wed Mar 21 09:34:11 2018

OUTPUT FILE NAME:   <FLYCON-example.out>
ENTRY POINT SYMBOL: "_c_int00"  address: 00009db8


MEMORY CONFIGURATION

         name            origin    length      used     unused   attr    fill
----------------------  --------  ---------  --------  --------  ----  --------
PAGE 0:
  BEGIN                 00000000   00000002  00000002  00000000  RWIX
  RAMM0                 00000050   000003b0  00000000  000003b0  RWIX
  RAML0                 00008000   00000800  0000007f  00000781  RWIX
  RAML1                 00008800   00001800  00001724  000000dc  RWIX
  RAML2                 0000a000   00001000  00000000  00001000  RWIX
  RAML3                 0000b000   00001000  00000000  00001000  RWIX
  ZONE7A                00200000   0000fc00  00000000  0000fc00  RWIX
  CSM_RSVD              0033ff80   00000076  00000000  00000076  RWIX
  CSM_PWL               0033fff8   00000008  00000000  00000008  RWIX
  ADC_CAL               00380080   00000009  00000007  00000002  RWIX
  IQTABLES              003fe000   00000b50  00000000  00000b50  RWIX
  IQTABLES2             003feb50   0000008c  00000000  0000008c  RWIX
  FPUTABLES             003febdc   000006a0  00000000  000006a0  RWIX
  BOOTROM               003ff27c   00000d44  00000000  00000d44  RWIX
  RESET                 003fffc0   00000002  00000000  00000002  RWIX

PAGE 1:
  BOOT_RSVD             00000002   0000004e  00000000  0000004e  RWIX
  RAMM1                 00000400   00000400  00000300  00000100  RWIX
  DEV_EMU               00000880   00000180  000000d0  000000b0  RWIX
  FLASH_REGS            00000a80   00000060  00000008  00000058  RWIX
  CSM                   00000ae0   00000010  00000010  00000000  RWIX
  ADC_MIRROR            00000b00   00000010  00000010  00000000  RWIX
  XINTF                 00000b20   00000020  0000001e  00000002  RWIX
  CPU_TIMER0            00000c00   00000008  00000008  00000000  RWIX
  CPU_TIMER1            00000c08   00000008  00000008  00000000  RWIX
  CPU_TIMER2            00000c10   00000008  00000008  00000000  RWIX
  PIE_CTRL              00000ce0   00000020  0000001a  00000006  RWIX
  PIE_VECT              00000d00   00000100  00000100  00000000  RWIX
  DMA                   00001000   00000200  000000e0  00000120  RWIX
  MCBSPA                00005000   00000040  00000025  0000001b  RWIX
  MCBSPB                00005040   00000040  00000025  0000001b  RWIX
  ECANA                 00006000   00000040  00000034  0000000c  RWIX
  ECANA_LAM             00006040   00000040  00000040  00000000  RWIX
  ECANA_MOTS            00006080   00000040  00000040  00000000  RWIX
  ECANA_MOTO            000060c0   00000040  00000040  00000000  RWIX
  ECANA_MBOX            00006100   00000100  00000100  00000000  RWIX
  ECANB                 00006200   00000040  00000034  0000000c  RWIX
  ECANB_LAM             00006240   00000040  00000040  00000000  RWIX
  ECANB_MOTS            00006280   00000040  00000040  00000000  RWIX
  ECANB_MOTO            000062c0   00000040  00000040  00000000  RWIX
  ECANB_MBOX            00006300   00000100  00000100  00000000  RWIX
  EPWM1                 00006800   00000022  00000022  00000000  RWIX
  EPWM2                 00006840   00000022  00000022  00000000  RWIX
  EPWM3                 00006880   00000022  00000022  00000000  RWIX
  EPWM4                 000068c0   00000022  00000022  00000000  RWIX
  EPWM5                 00006900   00000022  00000022  00000000  RWIX
  EPWM6                 00006940   00000022  00000022  00000000  RWIX
  ECAP1                 00006a00   00000020  00000020  00000000  RWIX
  ECAP2                 00006a20   00000020  00000020  00000000  RWIX
  ECAP3                 00006a40   00000020  00000020  00000000  RWIX
  ECAP4                 00006a60   00000020  00000020  00000000  RWIX
  ECAP5                 00006a80   00000020  00000020  00000000  RWIX
  ECAP6                 00006aa0   00000020  00000020  00000000  RWIX
  EQEP1                 00006b00   00000040  00000040  00000000  RWIX
  EQEP2                 00006b40   00000040  00000040  00000000  RWIX
  GPIOCTRL              00006f80   00000040  0000002e  00000012  RWIX
  GPIODAT               00006fc0   00000020  00000020  00000000  RWIX
  GPIOINT               00006fe0   00000020  0000000a  00000016  RWIX
  SYSTEM                00007010   00000020  00000020  00000000  RWIX
  SPIA                  00007040   00000010  00000010  00000000  RWIX
  SCIA                  00007050   00000010  00000010  00000000  RWIX
  XINTRUPT              00007070   00000010  00000010  00000000  RWIX
  ADC                   00007100   00000020  0000001e  00000002  RWIX
  SCIB                  00007750   00000010  00000010  00000000  RWIX
  SCIC                  00007770   00000010  00000010  00000000  RWIX
  I2CA                  00007900   00000040  00000022  0000001e  RWIX
  RAML4                 0000c000   00001000  000000a0  00000f60  RWIX
  RAML5                 0000d000   00001000  00000130  00000ed0  RWIX
  RAML6                 0000e000   00001000  00000000  00001000  RWIX
  RAML7                 0000f000   00001000  00000000  00001000  RWIX
  ZONE7B                0020fc00   00000400  00000000  00000400  RWIX
  CSM_PWL               0033fff8   00000008  00000008  00000000  RWIX


SECTION ALLOCATION MAP

 output                                  attributes/
section   page    origin      length       input sections
--------  ----  ----------  ----------   ----------------
codestart 
*          0    00000000    00000002     
                  00000000    00000002     DSP2833x_CodeStartBranch.obj (codestart)

.pinit     0    00008000    00000000     UNINITIALIZED

.cinit     0    00008000    0000007b     
                  00008000    00000056     SBUS.obj (.cinit)
                  00008056    0000000f     DSP2833x_ECan.obj (.cinit)
                  00008065    0000000a     rts2800_fpu32.lib : _lock.obj (.cinit)
                  0000806f    0000000a                       : exit.obj (.cinit)
                  00008079    00000002     --HOLE-- [fill = 0]

ramfuncs   0    0000807b    00000004     
                  0000807b    00000004     DSP2833x_usDelay.obj (ramfuncs)

.text      0    00008800    00001724     
                  00008800    00000479     ADIS16488.obj (.text)
                  00008c79    000003b3     GPS.obj (.text)
                  0000902c    00000323     DSP2833x_DefaultIsr.obj (.text:retain)
                  0000934f    00000267     DSP2833x_ECan.obj (.text)
                  000095b6    00000203     DSP2833x_Mcbsp.obj (.text)
                  000097b9    000001b1     DSP2833x_EPwm.obj (.text)
                  0000996a    000000f7     DSP2833x_SysCtrl.obj (.text)
                  00009a61    000000f4     SBUS.obj (.text)
                  00009b55    00000088     DSP2833x_ECap.obj (.text)
                  00009bdd    00000088     rts2800_fpu32.lib : fs_div.obj (.text)
                  00009c65    00000087     DSP2833x_Sci.obj (.text)
                  00009cec    0000007e     DSP2833x_Spi.obj (.text)
                  00009d6a    0000004e     DSP2833x_ECap.obj (.text:retain)
                  00009db8    00000046     rts2800_fpu32.lib : boot.obj (.text)
                  00009dfe    00000041     main.obj (.text)
                  00009e3f    0000002a     DSP2833x_Gpio.obj (.text)
                  00009e69    00000028     DSP2833x_PieCtrl.obj (.text)
                  00009e91    00000020     DSP2833x_PieVect.obj (.text)
                  00009eb1    0000001e     rts2800_fpu32.lib : strncpy.obj (.text)
                  00009ecf    00000019                       : args_main.obj (.text)
                  00009ee8    00000019                       : exit.obj (.text)
                  00009f01    00000009                       : _lock.obj (.text)
                  00009f0a    00000008     DSP2833x_CodeStartBranch.obj (.text)
                  00009f12    00000008     rts2800_fpu32.lib : strlen.obj (.text)
                  00009f1a    00000007     DSP2833x_DisInt.obj (.text)
                  00009f21    00000003     DSP2833x_DBGIER.obj (.text)

csm_rsvd   0    0033ff80    00000076     DSECT
                  0033ff80    00000076     DSP2833x_CSMPasswords.obj (csm_rsvd)

csmpasswds 
*          0    0033fff8    00000008     DSECT
                  0033fff8    00000008     DSP2833x_CSMPasswords.obj (csmpasswds)

.adc_cal   0    00380080    00000007     NOLOAD SECTION
                  00380080    00000007     DSP2833x_ADC_cal.obj (.adc_cal)

.reset     0    003fffc0    00000002     DSECT
                  003fffc0    00000002     rts2800_fpu32.lib : boot.obj (.reset)

.stack     1    00000400    00000300     UNINITIALIZED
                  00000400    00000300     --HOLE--

DevEmuRegsFile 
*          1    00000880    000000d0     UNINITIALIZED
                  00000880    000000d0     DSP2833x_GlobalVariableDefs.obj (DevEmuRegsFile)

FlashRegsFile 
*          1    00000a80    00000008     UNINITIALIZED
                  00000a80    00000008     DSP2833x_GlobalVariableDefs.obj (FlashRegsFile)

CsmRegsFile 
*          1    00000ae0    00000010     UNINITIALIZED
                  00000ae0    00000010     DSP2833x_GlobalVariableDefs.obj (CsmRegsFile)

AdcMirrorFile 
*          1    00000b00    00000010     UNINITIALIZED
                  00000b00    00000010     DSP2833x_GlobalVariableDefs.obj (AdcMirrorFile)

XintfRegsFile 
*          1    00000b20    0000001e     UNINITIALIZED
                  00000b20    0000001e     DSP2833x_GlobalVariableDefs.obj (XintfRegsFile)

CpuTimer0RegsFile 
*          1    00000c00    00000008     UNINITIALIZED
                  00000c00    00000008     DSP2833x_GlobalVariableDefs.obj (CpuTimer0RegsFile)

CpuTimer1RegsFile 
*          1    00000c08    00000008     UNINITIALIZED
                  00000c08    00000008     DSP2833x_GlobalVariableDefs.obj (CpuTimer1RegsFile)

CpuTimer2RegsFile 
*          1    00000c10    00000008     UNINITIALIZED
                  00000c10    00000008     DSP2833x_GlobalVariableDefs.obj (CpuTimer2RegsFile)

PieCtrlRegsFile 
*          1    00000ce0    0000001a     UNINITIALIZED
                  00000ce0    0000001a     DSP2833x_GlobalVariableDefs.obj (PieCtrlRegsFile)

PieVectTableFile 
*          1    00000d00    00000100     UNINITIALIZED
                  00000d00    00000100     DSP2833x_GlobalVariableDefs.obj (PieVectTableFile)

DmaRegsFile 
*          1    00001000    000000e0     UNINITIALIZED
                  00001000    000000e0     DSP2833x_GlobalVariableDefs.obj (DmaRegsFile)

McbspaRegsFile 
*          1    00005000    00000025     UNINITIALIZED
                  00005000    00000025     DSP2833x_GlobalVariableDefs.obj (McbspaRegsFile)

McbspbRegsFile 
*          1    00005040    00000025     UNINITIALIZED
                  00005040    00000025     DSP2833x_GlobalVariableDefs.obj (McbspbRegsFile)

ECanaRegsFile 
*          1    00006000    00000034     UNINITIALIZED
                  00006000    00000034     DSP2833x_GlobalVariableDefs.obj (ECanaRegsFile)

ECanaLAMRegsFile 
*          1    00006040    00000040     UNINITIALIZED
                  00006040    00000040     DSP2833x_GlobalVariableDefs.obj (ECanaLAMRegsFile)

ECanaMOTSRegsFile 
*          1    00006080    00000040     UNINITIALIZED
                  00006080    00000040     DSP2833x_GlobalVariableDefs.obj (ECanaMOTSRegsFile)

ECanaMOTORegsFile 
*          1    000060c0    00000040     UNINITIALIZED
                  000060c0    00000040     DSP2833x_GlobalVariableDefs.obj (ECanaMOTORegsFile)

ECanaMboxesFile 
*          1    00006100    00000100     UNINITIALIZED
                  00006100    00000100     DSP2833x_GlobalVariableDefs.obj (ECanaMboxesFile)

ECanbRegsFile 
*          1    00006200    00000034     UNINITIALIZED
                  00006200    00000034     DSP2833x_GlobalVariableDefs.obj (ECanbRegsFile)

ECanbLAMRegsFile 
*          1    00006240    00000040     UNINITIALIZED
                  00006240    00000040     DSP2833x_GlobalVariableDefs.obj (ECanbLAMRegsFile)

ECanbMOTSRegsFile 
*          1    00006280    00000040     UNINITIALIZED
                  00006280    00000040     DSP2833x_GlobalVariableDefs.obj (ECanbMOTSRegsFile)

ECanbMOTORegsFile 
*          1    000062c0    00000040     UNINITIALIZED
                  000062c0    00000040     DSP2833x_GlobalVariableDefs.obj (ECanbMOTORegsFile)

ECanbMboxesFile 
*          1    00006300    00000100     UNINITIALIZED
                  00006300    00000100     DSP2833x_GlobalVariableDefs.obj (ECanbMboxesFile)

EPwm1RegsFile 
*          1    00006800    00000022     UNINITIALIZED
                  00006800    00000022     DSP2833x_GlobalVariableDefs.obj (EPwm1RegsFile)

EPwm2RegsFile 
*          1    00006840    00000022     UNINITIALIZED
                  00006840    00000022     DSP2833x_GlobalVariableDefs.obj (EPwm2RegsFile)

EPwm3RegsFile 
*          1    00006880    00000022     UNINITIALIZED
                  00006880    00000022     DSP2833x_GlobalVariableDefs.obj (EPwm3RegsFile)

EPwm4RegsFile 
*          1    000068c0    00000022     UNINITIALIZED
                  000068c0    00000022     DSP2833x_GlobalVariableDefs.obj (EPwm4RegsFile)

EPwm5RegsFile 
*          1    00006900    00000022     UNINITIALIZED
                  00006900    00000022     DSP2833x_GlobalVariableDefs.obj (EPwm5RegsFile)

EPwm6RegsFile 
*          1    00006940    00000022     UNINITIALIZED
                  00006940    00000022     DSP2833x_GlobalVariableDefs.obj (EPwm6RegsFile)

ECap1RegsFile 
*          1    00006a00    00000020     UNINITIALIZED
                  00006a00    00000020     DSP2833x_GlobalVariableDefs.obj (ECap1RegsFile)

ECap2RegsFile 
*          1    00006a20    00000020     UNINITIALIZED
                  00006a20    00000020     DSP2833x_GlobalVariableDefs.obj (ECap2RegsFile)

ECap3RegsFile 
*          1    00006a40    00000020     UNINITIALIZED
                  00006a40    00000020     DSP2833x_GlobalVariableDefs.obj (ECap3RegsFile)

ECap4RegsFile 
*          1    00006a60    00000020     UNINITIALIZED
                  00006a60    00000020     DSP2833x_GlobalVariableDefs.obj (ECap4RegsFile)

ECap5RegsFile 
*          1    00006a80    00000020     UNINITIALIZED
                  00006a80    00000020     DSP2833x_GlobalVariableDefs.obj (ECap5RegsFile)

ECap6RegsFile 
*          1    00006aa0    00000020     UNINITIALIZED
                  00006aa0    00000020     DSP2833x_GlobalVariableDefs.obj (ECap6RegsFile)

EQep1RegsFile 
*          1    00006b00    00000040     UNINITIALIZED
                  00006b00    00000040     DSP2833x_GlobalVariableDefs.obj (EQep1RegsFile)

EQep2RegsFile 
*          1    00006b40    00000040     UNINITIALIZED
                  00006b40    00000040     DSP2833x_GlobalVariableDefs.obj (EQep2RegsFile)

GpioCtrlRegsFile 
*          1    00006f80    0000002e     UNINITIALIZED
                  00006f80    0000002e     DSP2833x_GlobalVariableDefs.obj (GpioCtrlRegsFile)

GpioDataRegsFile 
*          1    00006fc0    00000020     UNINITIALIZED
                  00006fc0    00000020     DSP2833x_GlobalVariableDefs.obj (GpioDataRegsFile)

GpioIntRegsFile 
*          1    00006fe0    0000000a     UNINITIALIZED
                  00006fe0    0000000a     DSP2833x_GlobalVariableDefs.obj (GpioIntRegsFile)

SysCtrlRegsFile 
*          1    00007010    00000020     UNINITIALIZED
                  00007010    00000020     DSP2833x_GlobalVariableDefs.obj (SysCtrlRegsFile)

SpiaRegsFile 
*          1    00007040    00000010     UNINITIALIZED
                  00007040    00000010     DSP2833x_GlobalVariableDefs.obj (SpiaRegsFile)

SciaRegsFile 
*          1    00007050    00000010     UNINITIALIZED
                  00007050    00000010     DSP2833x_GlobalVariableDefs.obj (SciaRegsFile)

XIntruptRegsFile 
*          1    00007070    00000010     UNINITIALIZED
                  00007070    00000010     DSP2833x_GlobalVariableDefs.obj (XIntruptRegsFile)

AdcRegsFile 
*          1    00007100    0000001e     UNINITIALIZED
                  00007100    0000001e     DSP2833x_GlobalVariableDefs.obj (AdcRegsFile)

ScibRegsFile 
*          1    00007750    00000010     UNINITIALIZED
                  00007750    00000010     DSP2833x_GlobalVariableDefs.obj (ScibRegsFile)

ScicRegsFile 
*          1    00007770    00000010     UNINITIALIZED
                  00007770    00000010     DSP2833x_GlobalVariableDefs.obj (ScicRegsFile)

I2caRegsFile 
*          1    00007900    00000022     UNINITIALIZED
                  00007900    00000022     DSP2833x_GlobalVariableDefs.obj (I2caRegsFile)

.ebss      1    0000c000    000000a0     UNINITIALIZED
                  0000c000    00000072     SBUS.obj (.ebss)
                  0000c072    0000000c     DSP2833x_ECan.obj (.ebss)
                  0000c07e    00000001     DS18B20_1.obj (.ebss)
                  0000c07f    00000001     --HOLE--
                  0000c080    00000018     DSP2833x_CpuTimers.obj (.ebss)
                  0000c098    00000004     rts2800_fpu32.lib : _lock.obj (.ebss)
                  0000c09c    00000004                       : exit.obj (.ebss)

.econst    1    0000d000    00000130     
                  0000d000    00000100     DSP2833x_PieVect.obj (.econst)
                  0000d100    00000018     GPS.obj (.econst:.string:_$P$T1$2)
                  0000d118    00000010     GPS.obj (.econst:.string:_$P$T2$3)
                  0000d128    00000008     GPS.obj (.econst:_$P$T0$1)

CsmPwlFile 
*          1    0033fff8    00000008     UNINITIALIZED
                  0033fff8    00000008     DSP2833x_GlobalVariableDefs.obj (CsmPwlFile)


GLOBAL DATA SYMBOLS: SORTED BY DATA PAGE

address     data page           name
--------    ----------------    ----
00000400      10 (00000400)     __stack

00000880      22 (00000880)     _DevEmuRegs

00000a80      2a (00000a80)     _FlashRegs

00000ae0      2b (00000ac0)     _CsmRegs

00000b00      2c (00000b00)     _AdcMirror
00000b20      2c (00000b00)     _XintfRegs

00000c00      30 (00000c00)     _CpuTimer0Regs
00000c08      30 (00000c00)     _CpuTimer1Regs
00000c10      30 (00000c00)     _CpuTimer2Regs

00000ce0      33 (00000cc0)     _PieCtrlRegs

00000d00      34 (00000d00)     _PieVectTable

00001000      40 (00001000)     _DmaRegs

00005000     140 (00005000)     _McbspaRegs

00005040     141 (00005040)     _McbspbRegs

00006000     180 (00006000)     _ECanaRegs

00006040     181 (00006040)     _ECanaLAMRegs

00006080     182 (00006080)     _ECanaMOTSRegs

000060c0     183 (000060c0)     _ECanaMOTORegs

00006100     184 (00006100)     _ECanaMboxes

00006200     188 (00006200)     _ECanbRegs

00006240     189 (00006240)     _ECanbLAMRegs

00006280     18a (00006280)     _ECanbMOTSRegs

000062c0     18b (000062c0)     _ECanbMOTORegs

00006300     18c (00006300)     _ECanbMboxes

00006800     1a0 (00006800)     _EPwm1Regs

00006840     1a1 (00006840)     _EPwm2Regs

00006880     1a2 (00006880)     _EPwm3Regs

000068c0     1a3 (000068c0)     _EPwm4Regs

00006900     1a4 (00006900)     _EPwm5Regs

00006940     1a5 (00006940)     _EPwm6Regs

00006a00     1a8 (00006a00)     _ECap1Regs
00006a20     1a8 (00006a00)     _ECap2Regs

00006a40     1a9 (00006a40)     _ECap3Regs
00006a60     1a9 (00006a40)     _ECap4Regs

00006a80     1aa (00006a80)     _ECap5Regs
00006aa0     1aa (00006a80)     _ECap6Regs

00006b00     1ac (00006b00)     _EQep1Regs

00006b40     1ad (00006b40)     _EQep2Regs

00006f80     1be (00006f80)     _GpioCtrlRegs

00006fc0     1bf (00006fc0)     _GpioDataRegs
00006fe0     1bf (00006fc0)     _GpioIntRegs

00007010     1c0 (00007000)     _SysCtrlRegs

00007040     1c1 (00007040)     _SpiaRegs
00007050     1c1 (00007040)     _SciaRegs
00007070     1c1 (00007040)     _XIntruptRegs

00007100     1c4 (00007100)     _AdcRegs

00007750     1dd (00007740)     _ScibRegs
00007770     1dd (00007740)     _ScicRegs

00007900     1e4 (00007900)     _I2caRegs

0000c000     300 (0000c000)     _byte_in_sbus
0000c001     300 (0000c000)     _bit_in_sbus
0000c002     300 (0000c000)     _failsafe_status
0000c003     300 (0000c000)     _bit_in_servo
0000c004     300 (0000c000)     _bit_in_channel
0000c005     300 (0000c000)     _sbus_passthrough
0000c006     300 (0000c000)     _ch
0000c007     300 (0000c000)     _toChannels
0000c008     300 (0000c000)     _inData
0000c009     300 (0000c000)     _bufferIndex
0000c00a     300 (0000c000)     _result
0000c01a     300 (0000c000)     _servos
0000c02c     300 (0000c000)     _channels

0000c040     301 (0000c040)     _inBuffer
0000c059     301 (0000c040)     _sbus_data
0000c072     301 (0000c040)     _PassCount
0000c074     301 (0000c040)     _MessageReceivedCount
0000c076     301 (0000c040)     _ErrorCount
0000c078     301 (0000c040)     _TestMbox2
0000c07a     301 (0000c040)     _TestMbox3
0000c07c     301 (0000c040)     _TestMbox1
0000c07e     301 (0000c040)     _e

0000c080     302 (0000c080)     _CpuTimer1
0000c088     302 (0000c080)     _CpuTimer2
0000c090     302 (0000c080)     _CpuTimer0
0000c098     302 (0000c080)     __unlock
0000c09a     302 (0000c080)     __lock
0000c09c     302 (0000c080)     ___TI_cleanup_ptr
0000c09e     302 (0000c080)     ___TI_dtors_ptr

0000d000     340 (0000d000)     _PieVectTableInit

0033fff8    cfff (0033ffc0)     _CsmPwl


GLOBAL SYMBOLS: SORTED ALPHABETICALLY BY Name 

address    name
--------   ----
00008800   .text
00009ee8   C$$EXIT
00009bdd   FS$$DIV
00009112   _ADCINT_ISR
00380080   _ADC_cal
00008a00   _ADIS16405_data_conversion
0000887b   _ADIS16405_init
000088ac   _ADIS16488_data_conversion
00008800   _ADIS16488_init
00000b00   _AdcMirror
00007100   _AdcRegs
00008efc   _CheckSUM
0000c090   _CpuTimer0
00000c00   _CpuTimer0Regs
0000c080   _CpuTimer1
00000c08   _CpuTimer1Regs
0000c088   _CpuTimer2
00000c10   _CpuTimer2Regs
0033fff8   _CsmPwl
00000ae0   _CsmRegs
00009a30   _CsmUnlock
00009040   _DATALOG_ISR
00009234   _DINTCH1_ISR
0000923e   _DINTCH2_ISR
00009248   _DINTCH3_ISR
00009252   _DINTCH4_ISR
0000925c   _DINTCH5_ISR
00009266   _DINTCH6_ISR
00009f1a   _DSP28x_DisableInt
00009f1e   _DSP28x_RestoreInt
0000807b   _DSP28x_usDelay
00000880   _DevEmuRegs
0000997d   _DisableDog
00001000   _DmaRegs
000092c0   _ECAN0INTA_ISR
000092d4   _ECAN0INTB_ISR
000092ca   _ECAN1INTA_ISR
000092de   _ECAN1INTB_ISR
000091a8   _ECAP1_INT_ISR
000091b2   _ECAP2_INT_ISR
000091bc   _ECAP3_INT_ISR
000091c6   _ECAP4_INT_ISR
000091d0   _ECAP5_INT_ISR
000091da   _ECAP6_INT_ISR
00006040   _ECanaLAMRegs
000060c0   _ECanaMOTORegs
00006080   _ECanaMOTSRegs
00006100   _ECanaMboxes
00006000   _ECanaRegs
00006240   _ECanbLAMRegs
000062c0   _ECanbMOTORegs
00006280   _ECanbMOTSRegs
00006300   _ECanbMboxes
00006200   _ECanbRegs
00006a00   _ECap1Regs
00006a20   _ECap2Regs
00006a40   _ECap3Regs
00006a60   _ECap4Regs
00006a80   _ECap5Regs
00009d6a   _ECap5_INT_ISR
00006aa0   _ECap6Regs
00009d91   _ECap6_INT_ISR
0000932e   _EMPTY_ISR
00009054   _EMUINT_ISR
0000916c   _EPWM1_INT_ISR
00009130   _EPWM1_TZINT_ISR
00009176   _EPWM2_INT_ISR
0000913a   _EPWM2_TZINT_ISR
00009180   _EPWM3_INT_ISR
00009144   _EPWM3_TZINT_ISR
0000918a   _EPWM4_INT_ISR
0000914e   _EPWM4_TZINT_ISR
00009194   _EPWM5_INT_ISR
00009158   _EPWM5_TZINT_ISR
0000919e   _EPWM6_INT_ISR
00009162   _EPWM6_TZINT_ISR
00006800   _EPwm1Regs
00009844   _EPwm1Setup
00006840   _EPwm2Regs
00009875   _EPwm2Setup
00006880   _EPwm3Regs
000098a6   _EPwm3Setup
000068c0   _EPwm4Regs
000098d7   _EPwm4Setup
00006900   _EPwm5Regs
00009908   _EPwm5Setup
00006940   _EPwm6Regs
00009939   _EPwm6Setup
00009837   _EPwmSetup
000091e4   _EQEP1_INT_ISR
000091ee   _EQEP2_INT_ISR
00006b00   _EQep1Regs
00006b40   _EQep2Regs
00009e88   _EnableInterrupts
0000c076   _ErrorCount
00000a80   _FlashRegs
00009d3a   _GPSSPIExchangeData
00008c79   _GetComma
00008f1a   _GetGPRMC
00008e58   _Get_Double_Number
00008e3e   _Get_Float_Number
00008e25   _Get_Int_Number
00006f80   _GpioCtrlRegs
00006fc0   _GpioDataRegs
00006fe0   _GpioIntRegs
00009270   _I2CINT1A_ISR
0000927a   _I2CINT2A_ISR
00007900   _I2caRegs
00009068   _ILLEGAL_ISR
0000902c   _INT13_ISR
00009036   _INT14_ISR
00009386   _InitCan
00009b77   _InitECAP
0000934f   _InitECanGpio
00009352   _InitECanaGpio
00009368   _InitECanbGpio
00009b55   _InitECap
00009b5b   _InitECap5Gpio
00009b69   _InitECap6Gpio
00009b56   _InitECapGpio
000097b9   _InitEPwm
000097c7   _InitEPwm1Gpio
000097d9   _InitEPwm2Gpio
000097eb   _InitEPwm3Gpio
000097ff   _InitEPwm4Gpio
00009813   _InitEPwm5Gpio
00009825   _InitEPwm6Gpio
000097ba   _InitEPwmGpio
00009e3f   _InitGpio
000095b6   _InitMcbsp
0000968b   _InitMcbspGpio
000095bb   _InitMcbspa
00009616   _InitMcbspa12bit
00009621   _InitMcbspa16bit
0000962c   _InitMcbspa20bit
00009637   _InitMcbspa24bit
00009642   _InitMcbspa32bit
0000960f   _InitMcbspa8bit
00009690   _InitMcbspaGpio
000095e5   _InitMcbspb
00009654   _InitMcbspb12bit
0000965f   _InitMcbspb16bit
0000966a   _InitMcbspb20bit
00009675   _InitMcbspb24bit
00009680   _InitMcbspb32bit
0000964d   _InitMcbspb8bit
000096b7   _InitMcbspbGpio
000099d5   _InitPeripheralClocks
00009e69   _InitPieCtrl
00009e91   _InitPieVectTable
00009985   _InitPll
00009c65   _InitSci
00009c66   _InitSciGpio
00009c6d   _InitSciaGpio
00009a61   _InitScibGpio
00009c82   _InitScicGpio
00009cec   _InitSpi
00009ced   _InitSpiGpio
00009cf0   _InitSpiaGpio
0000996a   _InitSysCtrl
00009324   _LUF_ISR
0000931a   _LVF_ISR
00009220   _MRINTA_ISR
0000920c   _MRINTB_ISR
0000922a   _MXINTA_ISR
00009216   _MXINTB_ISR
00005000   _McbspaRegs
0000979a   _Mcbspa_SPI_RX
0000978f   _Mcbspa_SPI_TX
00005040   _McbspbRegs
000097af   _Mcbspb_SPI_RX
000097a4   _Mcbspb_SPI_TX
0000c074   _MessageReceivedCount
0000905e   _NMI_ISR
0000933b   _PIE_RESERVED
00008852   _PROD_ID_RX
00008f66   _ParseGPRMC
0000c072   _PassCount
00000ce0   _PieCtrlRegs
00000d00   _PieVectTable
0000d000   _PieVectTableInit
0000904a   _RTOSINT_ISR
00009298   _SCIRXINTA_ISR
000092ac   _SCIRXINTB_ISR
00009284   _SCIRXINTC_ISR
000092a2   _SCITXINTA_ISR
000092b6   _SCITXINTB_ISR
0000928e   _SCITXINTC_ISR
000090ea   _SEQ1INT_ISR
000090f4   _SEQ2INT_ISR
000091f8   _SPIRXINTA_ISR
00009202   _SPITXINTA_ISR
00009d59   _SPI_RX
00009d49   _SPI_TX
00007050   _SciaRegs
00007750   _ScibRegs
00007770   _ScicRegs
00009973   _ServiceDog
00009b8d   _SetCap5
00009bb5   _SetCap6
00009f21   _SetDBGIER
00008ee3   _SetSPIPORT
00007040   _SpiaRegs
00008d84   _Str_To_Double
00008ce3   _Str_To_Float
00008c97   _Str_To_Int
00007010   _SysCtrlRegs
0000911c   _TINT0_ISR
0000c07c   _TestMbox1
0000c078   _TestMbox2
0000c07a   _TestMbox3
000090cc   _USER10_ISR
000090d6   _USER11_ISR
000090e0   _USER12_ISR
00009072   _USER1_ISR
0000907c   _USER2_ISR
00009086   _USER3_ISR
00009090   _USER4_ISR
0000909a   _USER5_ISR
000090a4   _USER6_ISR
000090ae   _USER7_ISR
000090b8   _USER8_ISR
000090c2   _USER9_ISR
00008e72   _UTC2LTC
00009126   _WAKEINT_ISR
000090fe   _XINT1_ISR
00009108   _XINT2_ISR
000092e8   _XINT3_ISR
000092f2   _XINT4_ISR
000092fc   _XINT5_ISR
00009306   _XINT6_ISR
00009310   _XINT7_ISR
00007070   _XIntruptRegs
00000b20   _XintfRegs
00000700   __STACK_END
00000300   __STACK_SIZE
00000001   __TI_args_main
0000c09c   ___TI_cleanup_ptr
0000c09e   ___TI_dtors_ptr
ffffffff   ___binit__
ffffffff   ___c_args__
00008000   ___cinit__
00009f24   ___etext__
ffffffff   ___pinit__
00008800   ___text__
00009ecf   __args_main
0000c09a   __lock
00009f09   __nop
00009f05   __register_lock
00009f01   __register_unlock
00000400   __stack
0000c098   __unlock
00009ee8   _abort
0000c004   _bit_in_channel
0000c001   _bit_in_sbus
0000c003   _bit_in_servo
0000c009   _bufferIndex
0000c000   _byte_in_sbus
00009db8   _c_int00
0000c006   _ch
0000c02c   _channels
000096f2   _clkg_delay_loop
000096dc   _delay_loop
0000c07e   _e
00009eea   _exit
0000c002   _failsafe_status
00009b30   _feedLine
0000c040   _inBuffer
0000c008   _inData
00009708   _init_mcbsp_spi
0000970d   _init_mcbspa_spi
0000974b   _init_mcbspb_spi
00009d1f   _init_spi
00009a9e   _loop
0000959e   _mailbox_check
00009587   _mailbox_read
00009dfe   _main
0000c00a   _result
00009345   _rsvd_ISR
0000c059   _sbus_data
0000c005   _sbus_passthrough
00009cc4   _scia_fifo_init
00009c98   _scia_init
00009cbc   _scia_rx
00009ca6   _scia_xmit
00009caf   _scia_xmit16
00009a85   _scib_fifo_init
00009a77   _scib_init
00009a96   _scib_rx
00009a8d   _scib_xmit
00009ccc   _scic_init
00009ce4   _scic_rx
00009cdb   _scic_xmit
0000c01a   _servos
00009f12   _strlen
00009eb1   _strncpy
0000c007   _toChannels
00009aab   _update_channels
ffffffff   binit
00008000   cinit
00000000   code_start
00009f24   etext
ffffffff   pinit


GLOBAL SYMBOLS: SORTED BY Symbol Address 

address    name
--------   ----
00000000   code_start
00000001   __TI_args_main
00000300   __STACK_SIZE
00000400   __stack
00000700   __STACK_END
00000880   _DevEmuRegs
00000a80   _FlashRegs
00000ae0   _CsmRegs
00000b00   _AdcMirror
00000b20   _XintfRegs
00000c00   _CpuTimer0Regs
00000c08   _CpuTimer1Regs
00000c10   _CpuTimer2Regs
00000ce0   _PieCtrlRegs
00000d00   _PieVectTable
00001000   _DmaRegs
00005000   _McbspaRegs
00005040   _McbspbRegs
00006000   _ECanaRegs
00006040   _ECanaLAMRegs
00006080   _ECanaMOTSRegs
000060c0   _ECanaMOTORegs
00006100   _ECanaMboxes
00006200   _ECanbRegs
00006240   _ECanbLAMRegs
00006280   _ECanbMOTSRegs
000062c0   _ECanbMOTORegs
00006300   _ECanbMboxes
00006800   _EPwm1Regs
00006840   _EPwm2Regs
00006880   _EPwm3Regs
000068c0   _EPwm4Regs
00006900   _EPwm5Regs
00006940   _EPwm6Regs
00006a00   _ECap1Regs
00006a20   _ECap2Regs
00006a40   _ECap3Regs
00006a60   _ECap4Regs
00006a80   _ECap5Regs
00006aa0   _ECap6Regs
00006b00   _EQep1Regs
00006b40   _EQep2Regs
00006f80   _GpioCtrlRegs
00006fc0   _GpioDataRegs
00006fe0   _GpioIntRegs
00007010   _SysCtrlRegs
00007040   _SpiaRegs
00007050   _SciaRegs
00007070   _XIntruptRegs
00007100   _AdcRegs
00007750   _ScibRegs
00007770   _ScicRegs
00007900   _I2caRegs
00008000   ___cinit__
00008000   cinit
0000807b   _DSP28x_usDelay
00008800   .text
00008800   _ADIS16488_init
00008800   ___text__
00008852   _PROD_ID_RX
0000887b   _ADIS16405_init
000088ac   _ADIS16488_data_conversion
00008a00   _ADIS16405_data_conversion
00008c79   _GetComma
00008c97   _Str_To_Int
00008ce3   _Str_To_Float
00008d84   _Str_To_Double
00008e25   _Get_Int_Number
00008e3e   _Get_Float_Number
00008e58   _Get_Double_Number
00008e72   _UTC2LTC
00008ee3   _SetSPIPORT
00008efc   _CheckSUM
00008f1a   _GetGPRMC
00008f66   _ParseGPRMC
0000902c   _INT13_ISR
00009036   _INT14_ISR
00009040   _DATALOG_ISR
0000904a   _RTOSINT_ISR
00009054   _EMUINT_ISR
0000905e   _NMI_ISR
00009068   _ILLEGAL_ISR
00009072   _USER1_ISR
0000907c   _USER2_ISR
00009086   _USER3_ISR
00009090   _USER4_ISR
0000909a   _USER5_ISR
000090a4   _USER6_ISR
000090ae   _USER7_ISR
000090b8   _USER8_ISR
000090c2   _USER9_ISR
000090cc   _USER10_ISR
000090d6   _USER11_ISR
000090e0   _USER12_ISR
000090ea   _SEQ1INT_ISR
000090f4   _SEQ2INT_ISR
000090fe   _XINT1_ISR
00009108   _XINT2_ISR
00009112   _ADCINT_ISR
0000911c   _TINT0_ISR
00009126   _WAKEINT_ISR
00009130   _EPWM1_TZINT_ISR
0000913a   _EPWM2_TZINT_ISR
00009144   _EPWM3_TZINT_ISR
0000914e   _EPWM4_TZINT_ISR
00009158   _EPWM5_TZINT_ISR
00009162   _EPWM6_TZINT_ISR
0000916c   _EPWM1_INT_ISR
00009176   _EPWM2_INT_ISR
00009180   _EPWM3_INT_ISR
0000918a   _EPWM4_INT_ISR
00009194   _EPWM5_INT_ISR
0000919e   _EPWM6_INT_ISR
000091a8   _ECAP1_INT_ISR
000091b2   _ECAP2_INT_ISR
000091bc   _ECAP3_INT_ISR
000091c6   _ECAP4_INT_ISR
000091d0   _ECAP5_INT_ISR
000091da   _ECAP6_INT_ISR
000091e4   _EQEP1_INT_ISR
000091ee   _EQEP2_INT_ISR
000091f8   _SPIRXINTA_ISR
00009202   _SPITXINTA_ISR
0000920c   _MRINTB_ISR
00009216   _MXINTB_ISR
00009220   _MRINTA_ISR
0000922a   _MXINTA_ISR
00009234   _DINTCH1_ISR
0000923e   _DINTCH2_ISR
00009248   _DINTCH3_ISR
00009252   _DINTCH4_ISR
0000925c   _DINTCH5_ISR
00009266   _DINTCH6_ISR
00009270   _I2CINT1A_ISR
0000927a   _I2CINT2A_ISR
00009284   _SCIRXINTC_ISR
0000928e   _SCITXINTC_ISR
00009298   _SCIRXINTA_ISR
000092a2   _SCITXINTA_ISR
000092ac   _SCIRXINTB_ISR
000092b6   _SCITXINTB_ISR
000092c0   _ECAN0INTA_ISR
000092ca   _ECAN1INTA_ISR
000092d4   _ECAN0INTB_ISR
000092de   _ECAN1INTB_ISR
000092e8   _XINT3_ISR
000092f2   _XINT4_ISR
000092fc   _XINT5_ISR
00009306   _XINT6_ISR
00009310   _XINT7_ISR
0000931a   _LVF_ISR
00009324   _LUF_ISR
0000932e   _EMPTY_ISR
0000933b   _PIE_RESERVED
00009345   _rsvd_ISR
0000934f   _InitECanGpio
00009352   _InitECanaGpio
00009368   _InitECanbGpio
00009386   _InitCan
00009587   _mailbox_read
0000959e   _mailbox_check
000095b6   _InitMcbsp
000095bb   _InitMcbspa
000095e5   _InitMcbspb
0000960f   _InitMcbspa8bit
00009616   _InitMcbspa12bit
00009621   _InitMcbspa16bit
0000962c   _InitMcbspa20bit
00009637   _InitMcbspa24bit
00009642   _InitMcbspa32bit
0000964d   _InitMcbspb8bit
00009654   _InitMcbspb12bit
0000965f   _InitMcbspb16bit
0000966a   _InitMcbspb20bit
00009675   _InitMcbspb24bit
00009680   _InitMcbspb32bit
0000968b   _InitMcbspGpio
00009690   _InitMcbspaGpio
000096b7   _InitMcbspbGpio
000096dc   _delay_loop
000096f2   _clkg_delay_loop
00009708   _init_mcbsp_spi
0000970d   _init_mcbspa_spi
0000974b   _init_mcbspb_spi
0000978f   _Mcbspa_SPI_TX
0000979a   _Mcbspa_SPI_RX
000097a4   _Mcbspb_SPI_TX
000097af   _Mcbspb_SPI_RX
000097b9   _InitEPwm
000097ba   _InitEPwmGpio
000097c7   _InitEPwm1Gpio
000097d9   _InitEPwm2Gpio
000097eb   _InitEPwm3Gpio
000097ff   _InitEPwm4Gpio
00009813   _InitEPwm5Gpio
00009825   _InitEPwm6Gpio
00009837   _EPwmSetup
00009844   _EPwm1Setup
00009875   _EPwm2Setup
000098a6   _EPwm3Setup
000098d7   _EPwm4Setup
00009908   _EPwm5Setup
00009939   _EPwm6Setup
0000996a   _InitSysCtrl
00009973   _ServiceDog
0000997d   _DisableDog
00009985   _InitPll
000099d5   _InitPeripheralClocks
00009a30   _CsmUnlock
00009a61   _InitScibGpio
00009a77   _scib_init
00009a85   _scib_fifo_init
00009a8d   _scib_xmit
00009a96   _scib_rx
00009a9e   _loop
00009aab   _update_channels
00009b30   _feedLine
00009b55   _InitECap
00009b56   _InitECapGpio
00009b5b   _InitECap5Gpio
00009b69   _InitECap6Gpio
00009b77   _InitECAP
00009b8d   _SetCap5
00009bb5   _SetCap6
00009bdd   FS$$DIV
00009c65   _InitSci
00009c66   _InitSciGpio
00009c6d   _InitSciaGpio
00009c82   _InitScicGpio
00009c98   _scia_init
00009ca6   _scia_xmit
00009caf   _scia_xmit16
00009cbc   _scia_rx
00009cc4   _scia_fifo_init
00009ccc   _scic_init
00009cdb   _scic_xmit
00009ce4   _scic_rx
00009cec   _InitSpi
00009ced   _InitSpiGpio
00009cf0   _InitSpiaGpio
00009d1f   _init_spi
00009d3a   _GPSSPIExchangeData
00009d49   _SPI_TX
00009d59   _SPI_RX
00009d6a   _ECap5_INT_ISR
00009d91   _ECap6_INT_ISR
00009db8   _c_int00
00009dfe   _main
00009e3f   _InitGpio
00009e69   _InitPieCtrl
00009e88   _EnableInterrupts
00009e91   _InitPieVectTable
00009eb1   _strncpy
00009ecf   __args_main
00009ee8   C$$EXIT
00009ee8   _abort
00009eea   _exit
00009f01   __register_unlock
00009f05   __register_lock
00009f09   __nop
00009f12   _strlen
00009f1a   _DSP28x_DisableInt
00009f1e   _DSP28x_RestoreInt
00009f21   _SetDBGIER
00009f24   ___etext__
00009f24   etext
0000c000   _byte_in_sbus
0000c001   _bit_in_sbus
0000c002   _failsafe_status
0000c003   _bit_in_servo
0000c004   _bit_in_channel
0000c005   _sbus_passthrough
0000c006   _ch
0000c007   _toChannels
0000c008   _inData
0000c009   _bufferIndex
0000c00a   _result
0000c01a   _servos
0000c02c   _channels
0000c040   _inBuffer
0000c059   _sbus_data
0000c072   _PassCount
0000c074   _MessageReceivedCount
0000c076   _ErrorCount
0000c078   _TestMbox2
0000c07a   _TestMbox3
0000c07c   _TestMbox1
0000c07e   _e
0000c080   _CpuTimer1
0000c088   _CpuTimer2
0000c090   _CpuTimer0
0000c098   __unlock
0000c09a   __lock
0000c09c   ___TI_cleanup_ptr
0000c09e   ___TI_dtors_ptr
0000d000   _PieVectTableInit
0033fff8   _CsmPwl
00380080   _ADC_cal
ffffffff   ___binit__
ffffffff   ___c_args__
ffffffff   ___pinit__
ffffffff   binit
ffffffff   pinit

[303 symbols]
