******************************************************************************
             TMS320C2000 Linker PC v6.2.7                      
******************************************************************************
>> Linked Tue Mar 06 11:17:41 2018

OUTPUT FILE NAME:   <FLYCON-example.out>
ENTRY POINT SYMBOL: "_c_int00"  address: 00009d76


MEMORY CONFIGURATION

         name            origin    length      used     unused   attr    fill
----------------------  --------  ---------  --------  --------  ----  --------
PAGE 0:
  BEGIN                 00000000   00000002  00000002  00000000  RWIX
  RAMM0                 00000050   000003b0  00000000  000003b0  RWIX
  RAML0                 00008000   00000c00  0000001a  00000be6  RWIX
  RAML1                 00008c00   00001400  00001310  000000f0  RWIX
  RAML2                 0000a000   00001000  00000000  00001000  RWIX
  RAML3                 0000b000   00001000  00000000  00001000  RWIX
  ZONE7A                00200000   0000fc00  00000000  0000fc00  RWIX
  CSM_RSVD              0033ff80   00000076  00000000  00000076  RWIX
  CSM_PWL               0033fff8   00000008  00000000  00000008  RWIX
  ADC_CAL               00380080   00000009  00000007  00000002  RWIX
  IQTABLES              003fe000   00000b50  00000000  00000b50  RWIX
  IQTABLES2             003feb50   0000008c  00000000  0000008c  RWIX
  FPUTABLES             003febdc   000006a0  00000000  000006a0  RWIX
  BOOTROM               003ff27c   00000d44  00000000  00000d44  RWIX
  RESET                 003fffc0   00000002  00000000  00000002  RWIX

PAGE 1:
  BOOT_RSVD             00000002   0000004e  00000000  0000004e  RWIX
  RAMM1                 00000400   00000400  00000300  00000100  RWIX
  DEV_EMU               00000880   00000180  000000d0  000000b0  RWIX
  FLASH_REGS            00000a80   00000060  00000008  00000058  RWIX
  CSM                   00000ae0   00000010  00000010  00000000  RWIX
  ADC_MIRROR            00000b00   00000010  00000010  00000000  RWIX
  XINTF                 00000b20   00000020  0000001e  00000002  RWIX
  CPU_TIMER0            00000c00   00000008  00000008  00000000  RWIX
  CPU_TIMER1            00000c08   00000008  00000008  00000000  RWIX
  CPU_TIMER2            00000c10   00000008  00000008  00000000  RWIX
  PIE_CTRL              00000ce0   00000020  0000001a  00000006  RWIX
  PIE_VECT              00000d00   00000100  00000100  00000000  RWIX
  DMA                   00001000   00000200  000000e0  00000120  RWIX
  MCBSPA                00005000   00000040  00000025  0000001b  RWIX
  MCBSPB                00005040   00000040  00000025  0000001b  RWIX
  ECANA                 00006000   00000040  00000034  0000000c  RWIX
  ECANA_LAM             00006040   00000040  00000040  00000000  RWIX
  ECANA_MOTS            00006080   00000040  00000040  00000000  RWIX
  ECANA_MOTO            000060c0   00000040  00000040  00000000  RWIX
  ECANA_MBOX            00006100   00000100  00000100  00000000  RWIX
  ECANB                 00006200   00000040  00000034  0000000c  RWIX
  ECANB_LAM             00006240   00000040  00000040  00000000  RWIX
  ECANB_MOTS            00006280   00000040  00000040  00000000  RWIX
  ECANB_MOTO            000062c0   00000040  00000040  00000000  RWIX
  ECANB_MBOX            00006300   00000100  00000100  00000000  RWIX
  EPWM1                 00006800   00000022  00000022  00000000  RWIX
  EPWM2                 00006840   00000022  00000022  00000000  RWIX
  EPWM3                 00006880   00000022  00000022  00000000  RWIX
  EPWM4                 000068c0   00000022  00000022  00000000  RWIX
  EPWM5                 00006900   00000022  00000022  00000000  RWIX
  EPWM6                 00006940   00000022  00000022  00000000  RWIX
  ECAP1                 00006a00   00000020  00000020  00000000  RWIX
  ECAP2                 00006a20   00000020  00000020  00000000  RWIX
  ECAP3                 00006a40   00000020  00000020  00000000  RWIX
  ECAP4                 00006a60   00000020  00000020  00000000  RWIX
  ECAP5                 00006a80   00000020  00000020  00000000  RWIX
  ECAP6                 00006aa0   00000020  00000020  00000000  RWIX
  EQEP1                 00006b00   00000040  00000040  00000000  RWIX
  EQEP2                 00006b40   00000040  00000040  00000000  RWIX
  GPIOCTRL              00006f80   00000040  0000002e  00000012  RWIX
  GPIODAT               00006fc0   00000020  00000020  00000000  RWIX
  GPIOINT               00006fe0   00000020  0000000a  00000016  RWIX
  SYSTEM                00007010   00000020  00000020  00000000  RWIX
  SPIA                  00007040   00000010  00000010  00000000  RWIX
  SCIA                  00007050   00000010  00000010  00000000  RWIX
  XINTRUPT              00007070   00000010  00000010  00000000  RWIX
  ADC                   00007100   00000020  0000001e  00000002  RWIX
  SCIB                  00007750   00000010  00000010  00000000  RWIX
  SCIC                  00007770   00000010  00000010  00000000  RWIX
  I2CA                  00007900   00000040  00000022  0000001e  RWIX
  RAML4                 0000c000   00001000  00000021  00000fdf  RWIX
  RAML5                 0000d000   00001000  00000130  00000ed0  RWIX
  RAML6                 0000e000   00001000  00000000  00001000  RWIX
  RAML7                 0000f000   00001000  00000000  00001000  RWIX
  ZONE7B                0020fc00   00000400  00000000  00000400  RWIX
  CSM_PWL               0033fff8   00000008  00000008  00000000  RWIX


SECTION ALLOCATION MAP

 output                                  attributes/
section   page    origin      length       input sections
--------  ----  ----------  ----------   ----------------
codestart 
*          0    00000000    00000002     
                  00000000    00000002     DSP2833x_CodeStartBranch.obj (codestart)

.pinit     0    00008000    00000000     UNINITIALIZED

.cinit     0    00008000    00000016     
                  00008000    0000000a     rts2800_fpu32.lib : _lock.obj (.cinit)
                  0000800a    0000000a                       : exit.obj (.cinit)
                  00008014    00000002     --HOLE-- [fill = 0]

ramfuncs   0    00008016    00000004     
                  00008016    00000004     DSP2833x_usDelay.obj (ramfuncs)

.text      0    00008c00    00001310     
                  00008c00    00000468     ADIS16488.obj (.text)
                  00009068    000003b3     GPS.obj (.text)
                  0000941b    00000323     DSP2833x_DefaultIsr.obj (.text:retain)
                  0000973e    00000203     DSP2833x_Mcbsp.obj (.text)
                  00009941    000001b1     DSP2833x_EPwm.obj (.text)
                  00009af2    000000f7     DSP2833x_SysCtrl.obj (.text)
                  00009be9    00000088     rts2800_fpu32.lib : fs_div.obj (.text)
                  00009c71    00000087     DSP2833x_Sci.obj (.text)
                  00009cf8    0000007e     DSP2833x_Spi.obj (.text)
                  00009d76    00000046     rts2800_fpu32.lib : boot.obj (.text)
                  00009dbc    0000003d     SBUS.obj (.text)
                  00009df9    00000032     main.obj (.text)
                  00009e2b    0000002a     DSP2833x_Gpio.obj (.text)
                  00009e55    00000028     DSP2833x_PieCtrl.obj (.text)
                  00009e7d    00000020     DSP2833x_PieVect.obj (.text)
                  00009e9d    0000001e     rts2800_fpu32.lib : strncpy.obj (.text)
                  00009ebb    00000019                       : args_main.obj (.text)
                  00009ed4    00000019                       : exit.obj (.text)
                  00009eed    00000009                       : _lock.obj (.text)
                  00009ef6    00000008     DSP2833x_CodeStartBranch.obj (.text)
                  00009efe    00000008     rts2800_fpu32.lib : strlen.obj (.text)
                  00009f06    00000007     DSP2833x_DisInt.obj (.text)
                  00009f0d    00000003     DSP2833x_DBGIER.obj (.text)

csm_rsvd   0    0033ff80    00000076     DSECT
                  0033ff80    00000076     DSP2833x_CSMPasswords.obj (csm_rsvd)

csmpasswds 
*          0    0033fff8    00000008     DSECT
                  0033fff8    00000008     DSP2833x_CSMPasswords.obj (csmpasswds)

.adc_cal   0    00380080    00000007     NOLOAD SECTION
                  00380080    00000007     DSP2833x_ADC_cal.obj (.adc_cal)

.reset     0    003fffc0    00000002     DSECT
                  003fffc0    00000002     rts2800_fpu32.lib : boot.obj (.reset)

.stack     1    00000400    00000300     UNINITIALIZED
                  00000400    00000300     --HOLE--

DevEmuRegsFile 
*          1    00000880    000000d0     UNINITIALIZED
                  00000880    000000d0     DSP2833x_GlobalVariableDefs.obj (DevEmuRegsFile)

FlashRegsFile 
*          1    00000a80    00000008     UNINITIALIZED
                  00000a80    00000008     DSP2833x_GlobalVariableDefs.obj (FlashRegsFile)

CsmRegsFile 
*          1    00000ae0    00000010     UNINITIALIZED
                  00000ae0    00000010     DSP2833x_GlobalVariableDefs.obj (CsmRegsFile)

AdcMirrorFile 
*          1    00000b00    00000010     UNINITIALIZED
                  00000b00    00000010     DSP2833x_GlobalVariableDefs.obj (AdcMirrorFile)

XintfRegsFile 
*          1    00000b20    0000001e     UNINITIALIZED
                  00000b20    0000001e     DSP2833x_GlobalVariableDefs.obj (XintfRegsFile)

CpuTimer0RegsFile 
*          1    00000c00    00000008     UNINITIALIZED
                  00000c00    00000008     DSP2833x_GlobalVariableDefs.obj (CpuTimer0RegsFile)

CpuTimer1RegsFile 
*          1    00000c08    00000008     UNINITIALIZED
                  00000c08    00000008     DSP2833x_GlobalVariableDefs.obj (CpuTimer1RegsFile)

CpuTimer2RegsFile 
*          1    00000c10    00000008     UNINITIALIZED
                  00000c10    00000008     DSP2833x_GlobalVariableDefs.obj (CpuTimer2RegsFile)

PieCtrlRegsFile 
*          1    00000ce0    0000001a     UNINITIALIZED
                  00000ce0    0000001a     DSP2833x_GlobalVariableDefs.obj (PieCtrlRegsFile)

PieVectTableFile 
*          1    00000d00    00000100     UNINITIALIZED
                  00000d00    00000100     DSP2833x_GlobalVariableDefs.obj (PieVectTableFile)

DmaRegsFile 
*          1    00001000    000000e0     UNINITIALIZED
                  00001000    000000e0     DSP2833x_GlobalVariableDefs.obj (DmaRegsFile)

McbspaRegsFile 
*          1    00005000    00000025     UNINITIALIZED
                  00005000    00000025     DSP2833x_GlobalVariableDefs.obj (McbspaRegsFile)

McbspbRegsFile 
*          1    00005040    00000025     UNINITIALIZED
                  00005040    00000025     DSP2833x_GlobalVariableDefs.obj (McbspbRegsFile)

ECanaRegsFile 
*          1    00006000    00000034     UNINITIALIZED
                  00006000    00000034     DSP2833x_GlobalVariableDefs.obj (ECanaRegsFile)

ECanaLAMRegsFile 
*          1    00006040    00000040     UNINITIALIZED
                  00006040    00000040     DSP2833x_GlobalVariableDefs.obj (ECanaLAMRegsFile)

ECanaMOTSRegsFile 
*          1    00006080    00000040     UNINITIALIZED
                  00006080    00000040     DSP2833x_GlobalVariableDefs.obj (ECanaMOTSRegsFile)

ECanaMOTORegsFile 
*          1    000060c0    00000040     UNINITIALIZED
                  000060c0    00000040     DSP2833x_GlobalVariableDefs.obj (ECanaMOTORegsFile)

ECanaMboxesFile 
*          1    00006100    00000100     UNINITIALIZED
                  00006100    00000100     DSP2833x_GlobalVariableDefs.obj (ECanaMboxesFile)

ECanbRegsFile 
*          1    00006200    00000034     UNINITIALIZED
                  00006200    00000034     DSP2833x_GlobalVariableDefs.obj (ECanbRegsFile)

ECanbLAMRegsFile 
*          1    00006240    00000040     UNINITIALIZED
                  00006240    00000040     DSP2833x_GlobalVariableDefs.obj (ECanbLAMRegsFile)

ECanbMOTSRegsFile 
*          1    00006280    00000040     UNINITIALIZED
                  00006280    00000040     DSP2833x_GlobalVariableDefs.obj (ECanbMOTSRegsFile)

ECanbMOTORegsFile 
*          1    000062c0    00000040     UNINITIALIZED
                  000062c0    00000040     DSP2833x_GlobalVariableDefs.obj (ECanbMOTORegsFile)

ECanbMboxesFile 
*          1    00006300    00000100     UNINITIALIZED
                  00006300    00000100     DSP2833x_GlobalVariableDefs.obj (ECanbMboxesFile)

EPwm1RegsFile 
*          1    00006800    00000022     UNINITIALIZED
                  00006800    00000022     DSP2833x_GlobalVariableDefs.obj (EPwm1RegsFile)

EPwm2RegsFile 
*          1    00006840    00000022     UNINITIALIZED
                  00006840    00000022     DSP2833x_GlobalVariableDefs.obj (EPwm2RegsFile)

EPwm3RegsFile 
*          1    00006880    00000022     UNINITIALIZED
                  00006880    00000022     DSP2833x_GlobalVariableDefs.obj (EPwm3RegsFile)

EPwm4RegsFile 
*          1    000068c0    00000022     UNINITIALIZED
                  000068c0    00000022     DSP2833x_GlobalVariableDefs.obj (EPwm4RegsFile)

EPwm5RegsFile 
*          1    00006900    00000022     UNINITIALIZED
                  00006900    00000022     DSP2833x_GlobalVariableDefs.obj (EPwm5RegsFile)

EPwm6RegsFile 
*          1    00006940    00000022     UNINITIALIZED
                  00006940    00000022     DSP2833x_GlobalVariableDefs.obj (EPwm6RegsFile)

ECap1RegsFile 
*          1    00006a00    00000020     UNINITIALIZED
                  00006a00    00000020     DSP2833x_GlobalVariableDefs.obj (ECap1RegsFile)

ECap2RegsFile 
*          1    00006a20    00000020     UNINITIALIZED
                  00006a20    00000020     DSP2833x_GlobalVariableDefs.obj (ECap2RegsFile)

ECap3RegsFile 
*          1    00006a40    00000020     UNINITIALIZED
                  00006a40    00000020     DSP2833x_GlobalVariableDefs.obj (ECap3RegsFile)

ECap4RegsFile 
*          1    00006a60    00000020     UNINITIALIZED
                  00006a60    00000020     DSP2833x_GlobalVariableDefs.obj (ECap4RegsFile)

ECap5RegsFile 
*          1    00006a80    00000020     UNINITIALIZED
                  00006a80    00000020     DSP2833x_GlobalVariableDefs.obj (ECap5RegsFile)

ECap6RegsFile 
*          1    00006aa0    00000020     UNINITIALIZED
                  00006aa0    00000020     DSP2833x_GlobalVariableDefs.obj (ECap6RegsFile)

EQep1RegsFile 
*          1    00006b00    00000040     UNINITIALIZED
                  00006b00    00000040     DSP2833x_GlobalVariableDefs.obj (EQep1RegsFile)

EQep2RegsFile 
*          1    00006b40    00000040     UNINITIALIZED
                  00006b40    00000040     DSP2833x_GlobalVariableDefs.obj (EQep2RegsFile)

GpioCtrlRegsFile 
*          1    00006f80    0000002e     UNINITIALIZED
                  00006f80    0000002e     DSP2833x_GlobalVariableDefs.obj (GpioCtrlRegsFile)

GpioDataRegsFile 
*          1    00006fc0    00000020     UNINITIALIZED
                  00006fc0    00000020     DSP2833x_GlobalVariableDefs.obj (GpioDataRegsFile)

GpioIntRegsFile 
*          1    00006fe0    0000000a     UNINITIALIZED
                  00006fe0    0000000a     DSP2833x_GlobalVariableDefs.obj (GpioIntRegsFile)

SysCtrlRegsFile 
*          1    00007010    00000020     UNINITIALIZED
                  00007010    00000020     DSP2833x_GlobalVariableDefs.obj (SysCtrlRegsFile)

SpiaRegsFile 
*          1    00007040    00000010     UNINITIALIZED
                  00007040    00000010     DSP2833x_GlobalVariableDefs.obj (SpiaRegsFile)

SciaRegsFile 
*          1    00007050    00000010     UNINITIALIZED
                  00007050    00000010     DSP2833x_GlobalVariableDefs.obj (SciaRegsFile)

XIntruptRegsFile 
*          1    00007070    00000010     UNINITIALIZED
                  00007070    00000010     DSP2833x_GlobalVariableDefs.obj (XIntruptRegsFile)

AdcRegsFile 
*          1    00007100    0000001e     UNINITIALIZED
                  00007100    0000001e     DSP2833x_GlobalVariableDefs.obj (AdcRegsFile)

ScibRegsFile 
*          1    00007750    00000010     UNINITIALIZED
                  00007750    00000010     DSP2833x_GlobalVariableDefs.obj (ScibRegsFile)

ScicRegsFile 
*          1    00007770    00000010     UNINITIALIZED
                  00007770    00000010     DSP2833x_GlobalVariableDefs.obj (ScicRegsFile)

I2caRegsFile 
*          1    00007900    00000022     UNINITIALIZED
                  00007900    00000022     DSP2833x_GlobalVariableDefs.obj (I2caRegsFile)

.ebss      1    0000c000    00000021     UNINITIALIZED
                  0000c000    00000018     DSP2833x_CpuTimers.obj (.ebss)
                  0000c018    00000004     rts2800_fpu32.lib : _lock.obj (.ebss)
                  0000c01c    00000004                       : exit.obj (.ebss)
                  0000c020    00000001     DS18B20_1.obj (.ebss)

.econst    1    0000d000    00000130     
                  0000d000    00000100     DSP2833x_PieVect.obj (.econst)
                  0000d100    00000018     GPS.obj (.econst:.string:_$P$T1$2)
                  0000d118    00000010     GPS.obj (.econst:.string:_$P$T2$3)
                  0000d128    00000008     GPS.obj (.econst:_$P$T0$1)

CsmPwlFile 
*          1    0033fff8    00000008     UNINITIALIZED
                  0033fff8    00000008     DSP2833x_GlobalVariableDefs.obj (CsmPwlFile)


GLOBAL DATA SYMBOLS: SORTED BY DATA PAGE

address     data page           name
--------    ----------------    ----
00000400      10 (00000400)     __stack

00000880      22 (00000880)     _DevEmuRegs

00000a80      2a (00000a80)     _FlashRegs

00000ae0      2b (00000ac0)     _CsmRegs

00000b00      2c (00000b00)     _AdcMirror
00000b20      2c (00000b00)     _XintfRegs

00000c00      30 (00000c00)     _CpuTimer0Regs
00000c08      30 (00000c00)     _CpuTimer1Regs
00000c10      30 (00000c00)     _CpuTimer2Regs

00000ce0      33 (00000cc0)     _PieCtrlRegs

00000d00      34 (00000d00)     _PieVectTable

00001000      40 (00001000)     _DmaRegs

00005000     140 (00005000)     _McbspaRegs

00005040     141 (00005040)     _McbspbRegs

00006000     180 (00006000)     _ECanaRegs

00006040     181 (00006040)     _ECanaLAMRegs

00006080     182 (00006080)     _ECanaMOTSRegs

000060c0     183 (000060c0)     _ECanaMOTORegs

00006100     184 (00006100)     _ECanaMboxes

00006200     188 (00006200)     _ECanbRegs

00006240     189 (00006240)     _ECanbLAMRegs

00006280     18a (00006280)     _ECanbMOTSRegs

000062c0     18b (000062c0)     _ECanbMOTORegs

00006300     18c (00006300)     _ECanbMboxes

00006800     1a0 (00006800)     _EPwm1Regs

00006840     1a1 (00006840)     _EPwm2Regs

00006880     1a2 (00006880)     _EPwm3Regs

000068c0     1a3 (000068c0)     _EPwm4Regs

00006900     1a4 (00006900)     _EPwm5Regs

00006940     1a5 (00006940)     _EPwm6Regs

00006a00     1a8 (00006a00)     _ECap1Regs
00006a20     1a8 (00006a00)     _ECap2Regs

00006a40     1a9 (00006a40)     _ECap3Regs
00006a60     1a9 (00006a40)     _ECap4Regs

00006a80     1aa (00006a80)     _ECap5Regs
00006aa0     1aa (00006a80)     _ECap6Regs

00006b00     1ac (00006b00)     _EQep1Regs

00006b40     1ad (00006b40)     _EQep2Regs

00006f80     1be (00006f80)     _GpioCtrlRegs

00006fc0     1bf (00006fc0)     _GpioDataRegs
00006fe0     1bf (00006fc0)     _GpioIntRegs

00007010     1c0 (00007000)     _SysCtrlRegs

00007040     1c1 (00007040)     _SpiaRegs
00007050     1c1 (00007040)     _SciaRegs
00007070     1c1 (00007040)     _XIntruptRegs

00007100     1c4 (00007100)     _AdcRegs

00007750     1dd (00007740)     _ScibRegs
00007770     1dd (00007740)     _ScicRegs

00007900     1e4 (00007900)     _I2caRegs

0000c000     300 (0000c000)     _CpuTimer1
0000c008     300 (0000c000)     _CpuTimer2
0000c010     300 (0000c000)     _CpuTimer0
0000c018     300 (0000c000)     __unlock
0000c01a     300 (0000c000)     __lock
0000c01c     300 (0000c000)     ___TI_cleanup_ptr
0000c01e     300 (0000c000)     ___TI_dtors_ptr
0000c020     300 (0000c000)     _e

0000d000     340 (0000d000)     _PieVectTableInit

0033fff8    cfff (0033ffc0)     _CsmPwl


GLOBAL SYMBOLS: SORTED ALPHABETICALLY BY Name 

address    name
--------   ----
00008c00   .text
00009ed4   C$$EXIT
00009be9   FS$$DIV
00009501   _ADCINT_ISR
00380080   _ADC_cal
00008def   _ADIS16405_data_conversion
00008c6a   _ADIS16405_init
00008c9b   _ADIS16488_data_conversion
00008c00   _ADIS16488_init
00000b00   _AdcMirror
00007100   _AdcRegs
000092eb   _CheckSUM
0000c010   _CpuTimer0
00000c00   _CpuTimer0Regs
0000c000   _CpuTimer1
00000c08   _CpuTimer1Regs
0000c008   _CpuTimer2
00000c10   _CpuTimer2Regs
0033fff8   _CsmPwl
00000ae0   _CsmRegs
00009bb8   _CsmUnlock
0000942f   _DATALOG_ISR
00009623   _DINTCH1_ISR
0000962d   _DINTCH2_ISR
00009637   _DINTCH3_ISR
00009641   _DINTCH4_ISR
0000964b   _DINTCH5_ISR
00009655   _DINTCH6_ISR
00009f06   _DSP28x_DisableInt
00009f0a   _DSP28x_RestoreInt
00008016   _DSP28x_usDelay
00000880   _DevEmuRegs
00009b05   _DisableDog
00001000   _DmaRegs
000096af   _ECAN0INTA_ISR
000096c3   _ECAN0INTB_ISR
000096b9   _ECAN1INTA_ISR
000096cd   _ECAN1INTB_ISR
00009597   _ECAP1_INT_ISR
000095a1   _ECAP2_INT_ISR
000095ab   _ECAP3_INT_ISR
000095b5   _ECAP4_INT_ISR
000095bf   _ECAP5_INT_ISR
000095c9   _ECAP6_INT_ISR
00006040   _ECanaLAMRegs
000060c0   _ECanaMOTORegs
00006080   _ECanaMOTSRegs
00006100   _ECanaMboxes
00006000   _ECanaRegs
00006240   _ECanbLAMRegs
000062c0   _ECanbMOTORegs
00006280   _ECanbMOTSRegs
00006300   _ECanbMboxes
00006200   _ECanbRegs
00006a00   _ECap1Regs
00006a20   _ECap2Regs
00006a40   _ECap3Regs
00006a60   _ECap4Regs
00006a80   _ECap5Regs
00006aa0   _ECap6Regs
0000971d   _EMPTY_ISR
00009443   _EMUINT_ISR
0000955b   _EPWM1_INT_ISR
0000951f   _EPWM1_TZINT_ISR
00009565   _EPWM2_INT_ISR
00009529   _EPWM2_TZINT_ISR
0000956f   _EPWM3_INT_ISR
00009533   _EPWM3_TZINT_ISR
00009579   _EPWM4_INT_ISR
0000953d   _EPWM4_TZINT_ISR
00009583   _EPWM5_INT_ISR
00009547   _EPWM5_TZINT_ISR
0000958d   _EPWM6_INT_ISR
00009551   _EPWM6_TZINT_ISR
00006800   _EPwm1Regs
000099cc   _EPwm1Setup
00006840   _EPwm2Regs
000099fd   _EPwm2Setup
00006880   _EPwm3Regs
00009a2e   _EPwm3Setup
000068c0   _EPwm4Regs
00009a5f   _EPwm4Setup
00006900   _EPwm5Regs
00009a90   _EPwm5Setup
00006940   _EPwm6Regs
00009ac1   _EPwm6Setup
000099bf   _EPwmSetup
000095d3   _EQEP1_INT_ISR
000095dd   _EQEP2_INT_ISR
00006b00   _EQep1Regs
00006b40   _EQep2Regs
00009e74   _EnableInterrupts
00000a80   _FlashRegs
00009d46   _GPSSPIExchangeData
00009068   _GetComma
00009309   _GetGPRMC
00009247   _Get_Double_Number
0000922d   _Get_Float_Number
00009214   _Get_Int_Number
00006f80   _GpioCtrlRegs
00006fc0   _GpioDataRegs
00006fe0   _GpioIntRegs
0000965f   _I2CINT1A_ISR
00009669   _I2CINT2A_ISR
00007900   _I2caRegs
00009457   _ILLEGAL_ISR
0000941b   _INT13_ISR
00009425   _INT14_ISR
00009941   _InitEPwm
0000994f   _InitEPwm1Gpio
00009961   _InitEPwm2Gpio
00009973   _InitEPwm3Gpio
00009987   _InitEPwm4Gpio
0000999b   _InitEPwm5Gpio
000099ad   _InitEPwm6Gpio
00009942   _InitEPwmGpio
00009e2b   _InitGpio
0000973e   _InitMcbsp
00009813   _InitMcbspGpio
00009743   _InitMcbspa
0000979e   _InitMcbspa12bit
000097a9   _InitMcbspa16bit
000097b4   _InitMcbspa20bit
000097bf   _InitMcbspa24bit
000097ca   _InitMcbspa32bit
00009797   _InitMcbspa8bit
00009818   _InitMcbspaGpio
0000976d   _InitMcbspb
000097dc   _InitMcbspb12bit
000097e7   _InitMcbspb16bit
000097f2   _InitMcbspb20bit
000097fd   _InitMcbspb24bit
00009808   _InitMcbspb32bit
000097d5   _InitMcbspb8bit
0000983f   _InitMcbspbGpio
00009b5d   _InitPeripheralClocks
00009e55   _InitPieCtrl
00009e7d   _InitPieVectTable
00009b0d   _InitPll
00009c71   _InitSci
00009c72   _InitSciGpio
00009c79   _InitSciaGpio
00009dbc   _InitScibGpio
00009c8e   _InitScicGpio
00009cf8   _InitSpi
00009cf9   _InitSpiGpio
00009cfc   _InitSpiaGpio
00009af2   _InitSysCtrl
00009713   _LUF_ISR
00009709   _LVF_ISR
0000960f   _MRINTA_ISR
000095fb   _MRINTB_ISR
00009619   _MXINTA_ISR
00009605   _MXINTB_ISR
00005000   _McbspaRegs
00009922   _Mcbspa_SPI_RX
00009917   _Mcbspa_SPI_TX
00005040   _McbspbRegs
00009937   _Mcbspb_SPI_RX
0000992c   _Mcbspb_SPI_TX
0000944d   _NMI_ISR
0000972a   _PIE_RESERVED
00008c41   _PROD_ID_RX
00009355   _ParseGPRMC
00000ce0   _PieCtrlRegs
00000d00   _PieVectTable
0000d000   _PieVectTableInit
00009439   _RTOSINT_ISR
00009687   _SCIRXINTA_ISR
0000969b   _SCIRXINTB_ISR
00009673   _SCIRXINTC_ISR
00009691   _SCITXINTA_ISR
000096a5   _SCITXINTB_ISR
0000967d   _SCITXINTC_ISR
000094d9   _SEQ1INT_ISR
000094e3   _SEQ2INT_ISR
000095e7   _SPIRXINTA_ISR
000095f1   _SPITXINTA_ISR
00009d65   _SPI_RX
00009d55   _SPI_TX
00007050   _SciaRegs
00007750   _ScibRegs
00007770   _ScicRegs
00009afb   _ServiceDog
00009f0d   _SetDBGIER
000092d2   _SetSPIPORT
00007040   _SpiaRegs
00009173   _Str_To_Double
000090d2   _Str_To_Float
00009086   _Str_To_Int
00007010   _SysCtrlRegs
0000950b   _TINT0_ISR
000094bb   _USER10_ISR
000094c5   _USER11_ISR
000094cf   _USER12_ISR
00009461   _USER1_ISR
0000946b   _USER2_ISR
00009475   _USER3_ISR
0000947f   _USER4_ISR
00009489   _USER5_ISR
00009493   _USER6_ISR
0000949d   _USER7_ISR
000094a7   _USER8_ISR
000094b1   _USER9_ISR
00009261   _UTC2LTC
00009515   _WAKEINT_ISR
000094ed   _XINT1_ISR
000094f7   _XINT2_ISR
000096d7   _XINT3_ISR
000096e1   _XINT4_ISR
000096eb   _XINT5_ISR
000096f5   _XINT6_ISR
000096ff   _XINT7_ISR
00007070   _XIntruptRegs
00000b20   _XintfRegs
00000700   __STACK_END
00000300   __STACK_SIZE
00000001   __TI_args_main
0000c01c   ___TI_cleanup_ptr
0000c01e   ___TI_dtors_ptr
ffffffff   ___binit__
ffffffff   ___c_args__
00008000   ___cinit__
00009f10   ___etext__
ffffffff   ___pinit__
00008c00   ___text__
00009ebb   __args_main
0000c01a   __lock
00009ef5   __nop
00009ef1   __register_lock
00009eed   __register_unlock
00000400   __stack
0000c018   __unlock
00009ed4   _abort
00009d76   _c_int00
0000987a   _clkg_delay_loop
00009864   _delay_loop
0000c020   _e
00009ed6   _exit
00009890   _init_mcbsp_spi
00009895   _init_mcbspa_spi
000098d3   _init_mcbspb_spi
00009d2b   _init_spi
00009df9   _main
00009734   _rsvd_ISR
00009cd0   _scia_fifo_init
00009ca4   _scia_init
00009cc8   _scia_rx
00009cb2   _scia_xmit
00009cbb   _scia_xmit16
00009de0   _scib_fifo_init
00009dd2   _scib_init
00009df1   _scib_rx
00009de8   _scib_xmit
00009cd8   _scic_init
00009cf0   _scic_rx
00009ce7   _scic_xmit
00009efe   _strlen
00009e9d   _strncpy
ffffffff   binit
00008000   cinit
00000000   code_start
00009f10   etext
ffffffff   pinit


GLOBAL SYMBOLS: SORTED BY Symbol Address 

address    name
--------   ----
00000000   code_start
00000001   __TI_args_main
00000300   __STACK_SIZE
00000400   __stack
00000700   __STACK_END
00000880   _DevEmuRegs
00000a80   _FlashRegs
00000ae0   _CsmRegs
00000b00   _AdcMirror
00000b20   _XintfRegs
00000c00   _CpuTimer0Regs
00000c08   _CpuTimer1Regs
00000c10   _CpuTimer2Regs
00000ce0   _PieCtrlRegs
00000d00   _PieVectTable
00001000   _DmaRegs
00005000   _McbspaRegs
00005040   _McbspbRegs
00006000   _ECanaRegs
00006040   _ECanaLAMRegs
00006080   _ECanaMOTSRegs
000060c0   _ECanaMOTORegs
00006100   _ECanaMboxes
00006200   _ECanbRegs
00006240   _ECanbLAMRegs
00006280   _ECanbMOTSRegs
000062c0   _ECanbMOTORegs
00006300   _ECanbMboxes
00006800   _EPwm1Regs
00006840   _EPwm2Regs
00006880   _EPwm3Regs
000068c0   _EPwm4Regs
00006900   _EPwm5Regs
00006940   _EPwm6Regs
00006a00   _ECap1Regs
00006a20   _ECap2Regs
00006a40   _ECap3Regs
00006a60   _ECap4Regs
00006a80   _ECap5Regs
00006aa0   _ECap6Regs
00006b00   _EQep1Regs
00006b40   _EQep2Regs
00006f80   _GpioCtrlRegs
00006fc0   _GpioDataRegs
00006fe0   _GpioIntRegs
00007010   _SysCtrlRegs
00007040   _SpiaRegs
00007050   _SciaRegs
00007070   _XIntruptRegs
00007100   _AdcRegs
00007750   _ScibRegs
00007770   _ScicRegs
00007900   _I2caRegs
00008000   ___cinit__
00008000   cinit
00008016   _DSP28x_usDelay
00008c00   .text
00008c00   _ADIS16488_init
00008c00   ___text__
00008c41   _PROD_ID_RX
00008c6a   _ADIS16405_init
00008c9b   _ADIS16488_data_conversion
00008def   _ADIS16405_data_conversion
00009068   _GetComma
00009086   _Str_To_Int
000090d2   _Str_To_Float
00009173   _Str_To_Double
00009214   _Get_Int_Number
0000922d   _Get_Float_Number
00009247   _Get_Double_Number
00009261   _UTC2LTC
000092d2   _SetSPIPORT
000092eb   _CheckSUM
00009309   _GetGPRMC
00009355   _ParseGPRMC
0000941b   _INT13_ISR
00009425   _INT14_ISR
0000942f   _DATALOG_ISR
00009439   _RTOSINT_ISR
00009443   _EMUINT_ISR
0000944d   _NMI_ISR
00009457   _ILLEGAL_ISR
00009461   _USER1_ISR
0000946b   _USER2_ISR
00009475   _USER3_ISR
0000947f   _USER4_ISR
00009489   _USER5_ISR
00009493   _USER6_ISR
0000949d   _USER7_ISR
000094a7   _USER8_ISR
000094b1   _USER9_ISR
000094bb   _USER10_ISR
000094c5   _USER11_ISR
000094cf   _USER12_ISR
000094d9   _SEQ1INT_ISR
000094e3   _SEQ2INT_ISR
000094ed   _XINT1_ISR
000094f7   _XINT2_ISR
00009501   _ADCINT_ISR
0000950b   _TINT0_ISR
00009515   _WAKEINT_ISR
0000951f   _EPWM1_TZINT_ISR
00009529   _EPWM2_TZINT_ISR
00009533   _EPWM3_TZINT_ISR
0000953d   _EPWM4_TZINT_ISR
00009547   _EPWM5_TZINT_ISR
00009551   _EPWM6_TZINT_ISR
0000955b   _EPWM1_INT_ISR
00009565   _EPWM2_INT_ISR
0000956f   _EPWM3_INT_ISR
00009579   _EPWM4_INT_ISR
00009583   _EPWM5_INT_ISR
0000958d   _EPWM6_INT_ISR
00009597   _ECAP1_INT_ISR
000095a1   _ECAP2_INT_ISR
000095ab   _ECAP3_INT_ISR
000095b5   _ECAP4_INT_ISR
000095bf   _ECAP5_INT_ISR
000095c9   _ECAP6_INT_ISR
000095d3   _EQEP1_INT_ISR
000095dd   _EQEP2_INT_ISR
000095e7   _SPIRXINTA_ISR
000095f1   _SPITXINTA_ISR
000095fb   _MRINTB_ISR
00009605   _MXINTB_ISR
0000960f   _MRINTA_ISR
00009619   _MXINTA_ISR
00009623   _DINTCH1_ISR
0000962d   _DINTCH2_ISR
00009637   _DINTCH3_ISR
00009641   _DINTCH4_ISR
0000964b   _DINTCH5_ISR
00009655   _DINTCH6_ISR
0000965f   _I2CINT1A_ISR
00009669   _I2CINT2A_ISR
00009673   _SCIRXINTC_ISR
0000967d   _SCITXINTC_ISR
00009687   _SCIRXINTA_ISR
00009691   _SCITXINTA_ISR
0000969b   _SCIRXINTB_ISR
000096a5   _SCITXINTB_ISR
000096af   _ECAN0INTA_ISR
000096b9   _ECAN1INTA_ISR
000096c3   _ECAN0INTB_ISR
000096cd   _ECAN1INTB_ISR
000096d7   _XINT3_ISR
000096e1   _XINT4_ISR
000096eb   _XINT5_ISR
000096f5   _XINT6_ISR
000096ff   _XINT7_ISR
00009709   _LVF_ISR
00009713   _LUF_ISR
0000971d   _EMPTY_ISR
0000972a   _PIE_RESERVED
00009734   _rsvd_ISR
0000973e   _InitMcbsp
00009743   _InitMcbspa
0000976d   _InitMcbspb
00009797   _InitMcbspa8bit
0000979e   _InitMcbspa12bit
000097a9   _InitMcbspa16bit
000097b4   _InitMcbspa20bit
000097bf   _InitMcbspa24bit
000097ca   _InitMcbspa32bit
000097d5   _InitMcbspb8bit
000097dc   _InitMcbspb12bit
000097e7   _InitMcbspb16bit
000097f2   _InitMcbspb20bit
000097fd   _InitMcbspb24bit
00009808   _InitMcbspb32bit
00009813   _InitMcbspGpio
00009818   _InitMcbspaGpio
0000983f   _InitMcbspbGpio
00009864   _delay_loop
0000987a   _clkg_delay_loop
00009890   _init_mcbsp_spi
00009895   _init_mcbspa_spi
000098d3   _init_mcbspb_spi
00009917   _Mcbspa_SPI_TX
00009922   _Mcbspa_SPI_RX
0000992c   _Mcbspb_SPI_TX
00009937   _Mcbspb_SPI_RX
00009941   _InitEPwm
00009942   _InitEPwmGpio
0000994f   _InitEPwm1Gpio
00009961   _InitEPwm2Gpio
00009973   _InitEPwm3Gpio
00009987   _InitEPwm4Gpio
0000999b   _InitEPwm5Gpio
000099ad   _InitEPwm6Gpio
000099bf   _EPwmSetup
000099cc   _EPwm1Setup
000099fd   _EPwm2Setup
00009a2e   _EPwm3Setup
00009a5f   _EPwm4Setup
00009a90   _EPwm5Setup
00009ac1   _EPwm6Setup
00009af2   _InitSysCtrl
00009afb   _ServiceDog
00009b05   _DisableDog
00009b0d   _InitPll
00009b5d   _InitPeripheralClocks
00009bb8   _CsmUnlock
00009be9   FS$$DIV
00009c71   _InitSci
00009c72   _InitSciGpio
00009c79   _InitSciaGpio
00009c8e   _InitScicGpio
00009ca4   _scia_init
00009cb2   _scia_xmit
00009cbb   _scia_xmit16
00009cc8   _scia_rx
00009cd0   _scia_fifo_init
00009cd8   _scic_init
00009ce7   _scic_xmit
00009cf0   _scic_rx
00009cf8   _InitSpi
00009cf9   _InitSpiGpio
00009cfc   _InitSpiaGpio
00009d2b   _init_spi
00009d46   _GPSSPIExchangeData
00009d55   _SPI_TX
00009d65   _SPI_RX
00009d76   _c_int00
00009dbc   _InitScibGpio
00009dd2   _scib_init
00009de0   _scib_fifo_init
00009de8   _scib_xmit
00009df1   _scib_rx
00009df9   _main
00009e2b   _InitGpio
00009e55   _InitPieCtrl
00009e74   _EnableInterrupts
00009e7d   _InitPieVectTable
00009e9d   _strncpy
00009ebb   __args_main
00009ed4   C$$EXIT
00009ed4   _abort
00009ed6   _exit
00009eed   __register_unlock
00009ef1   __register_lock
00009ef5   __nop
00009efe   _strlen
00009f06   _DSP28x_DisableInt
00009f0a   _DSP28x_RestoreInt
00009f0d   _SetDBGIER
00009f10   ___etext__
00009f10   etext
0000c000   _CpuTimer1
0000c008   _CpuTimer2
0000c010   _CpuTimer0
0000c018   __unlock
0000c01a   __lock
0000c01c   ___TI_cleanup_ptr
0000c01e   ___TI_dtors_ptr
0000c020   _e
0000d000   _PieVectTableInit
0033fff8   _CsmPwl
00380080   _ADC_cal
ffffffff   ___binit__
ffffffff   ___c_args__
ffffffff   ___pinit__
ffffffff   binit
ffffffff   pinit

[264 symbols]
